 easy_build

 Timestamp is 5e2edd49 (Mon Jan 27 23:53:29 2020)

 Preferred load address is 0000000140000000

 Start         Length     Name                   Class
 0001:00000000 000000a0H .text$di                CODE
 0001:000000a0 00006200H .text$mn                CODE
 0001:000062a0 00000020H .text$mn$00             CODE
 0001:000062c0 00000410H .text$x                 CODE
 0001:000066d0 00000020H .text$yd                CODE
 0002:00000000 00000258H .idata$5                DATA
 0002:00000258 00000010H .00cfg                  DATA
 0002:00000268 00000008H .CRT$XCA                DATA
 0002:00000270 00000008H .CRT$XCAA               DATA
 0002:00000278 00000008H .CRT$XCU                DATA
 0002:00000280 00000008H .CRT$XCZ                DATA
 0002:00000288 00000008H .CRT$XIA                DATA
 0002:00000290 00000008H .CRT$XIAA               DATA
 0002:00000298 00000008H .CRT$XIAC               DATA
 0002:000002a0 00000008H .CRT$XIZ                DATA
 0002:000002a8 00000008H .CRT$XPA                DATA
 0002:000002b0 00000008H .CRT$XPZ                DATA
 0002:000002b8 00000008H .CRT$XTA                DATA
 0002:000002c0 00000010H .CRT$XTZ                DATA
 0002:000002c8 00000000H .gfids$y                DATA
 0002:000002d0 00001d10H .rdata                  DATA
 0002:00001fe0 000001f4H .rdata$r                DATA
 0002:000021d4 000002f4H .rdata$zzzdbg           DATA
 0002:000024c8 00000008H .rtc$IAA                DATA
 0002:000024d0 00000008H .rtc$IZZ                DATA
 0002:000024d8 00000008H .rtc$TAA                DATA
 0002:000024e0 00000010H .rtc$TZZ                DATA
 0002:000024f0 00001188H .xdata                  DATA
 0002:00003678 000000ecH .xdata$x                DATA
 0002:00003764 00000000H .edata                  DATA
 0002:00003764 00000050H .idata$2                DATA
 0002:000037b4 00000014H .idata$3                DATA
 0002:000037c8 00000258H .idata$4                DATA
 0002:00003a20 00000556H .idata$6                DATA
 0003:00000000 00000148H .data                   DATA
 0003:00000148 000000a8H .data$r                 DATA
 0003:000001f0 00000648H .bss                    DATA
 0004:00000000 000006ccH .pdata                  DATA

  Address         Publics by Value              Rva+Base               Lib:Object

 0000:00000000       __guard_longjmp_count      0000000000000000     <absolute>
 0000:00000000       __guard_fids_count         0000000000000000     <absolute>
 0000:00000000       __dynamic_value_reloc_table 0000000000000000     <absolute>
 0000:00000000       __hybrid_code_map_count    0000000000000000     <absolute>
 0000:00000000       __guard_iat_table          0000000000000000     <absolute>
 0000:00000000       __hybrid_code_map          0000000000000000     <absolute>
 0000:00000000       __guard_iat_count          0000000000000000     <absolute>
 0000:00000000       __guard_longjmp_table      0000000000000000     <absolute>
 0000:00000000       __volatile_metadata        0000000000000000     <absolute>
 0000:00000000       __enclave_config           0000000000000000     <absolute>
 0000:00000000       ___safe_se_handler_count   0000000000000000     <absolute>
 0000:00000000       __hybrid_auxiliary_iat     0000000000000000     <absolute>
 0000:00000000       ___safe_se_handler_table   0000000000000000     <absolute>
 0000:00000000       __guard_fids_table         0000000000000000     <absolute>
 0000:00000100       __guard_flags              0000000000000100     <absolute>
 0000:00000000       __ImageBase                0000000140000000     <linker-defined>
 0001:000000a0       ??$?0AEBV?$allocator@U?$pair@$$CBUlen_string@@H@std@@@std@@X@?$_List_alloc@U?$_List_base_types@U?$pair@$$CBUlen_string@@H@std@@V?$allocator@U?$pair@$$CBUlen_string@@H@std@@@2@@std@@@std@@QEAA@AEBV?$allocator@U?$pair@$$CBUlen_string@@H@std@@@1@@Z 00000001400010a0 f i easy_build.obj
 0001:00000100       ??$_Allocate@$0BA@U_Default_allocate_traits@std@@$0A@@std@@YAPEAX_K@Z 0000000140001100 f i easy_build.obj
 0001:000001d0       ??$_Buynode@AEBUpiecewise_construct_t@std@@V?$tuple@AEBUlen_string@@@2@V?$tuple@$$V@2@@?$_List_buy@U?$pair@$$CBUlen_string@@H@std@@V?$allocator@U?$pair@$$CBUlen_string@@H@std@@@2@@std@@QEAAPEAU?$_List_node@U?$pair@$$CBUlen_string@@H@std@@PEAX@1@PEAU21@0AEBUpiecewise_construct_t@1@$$QEAV?$tuple@AEBUlen_string@@@1@$$QEAV?$tuple@$$V@1@@Z 00000001400011d0 f i easy_build.obj
 0001:00000210       ??$_Buynode@U?$pair@$$CBUlen_string@@H@std@@@?$_List_buy@U?$pair@$$CBUlen_string@@H@std@@V?$allocator@U?$pair@$$CBUlen_string@@H@std@@@2@@std@@QEAAPEAU?$_List_node@U?$pair@$$CBUlen_string@@H@std@@PEAX@1@PEAU21@0$$QEAU?$pair@$$CBUlen_string@@H@1@@Z 0000000140001210 f i easy_build.obj
 0001:00000250       ??$_Deallocate@$0BA@$0A@@std@@YAXPEAX_K@Z 0000000140001250 f i easy_build.obj
 0001:00000380       ??$_Emplace_reallocate@AEBQEAD@?$vector@PEADV?$allocator@PEAD@std@@@std@@QEAAPEAPEADQEAPEADAEBQEAD@Z 0000000140001380 f i easy_build.obj
 0001:000004d0       ??$_Emplace_reallocate@AEBUlen_string@@@?$vector@Ulen_string@@V?$allocator@Ulen_string@@@std@@@std@@QEAAPEAUlen_string@@QEAU2@AEBU2@@Z 00000001400014d0 f i easy_build.obj
 0001:000005f0       ??$_Emplace_reallocate@Ulen_string@@@?$vector@Ulen_string@@V?$allocator@Ulen_string@@@std@@@std@@QEAAPEAUlen_string@@QEAU2@$$QEAU2@@Z 00000001400015f0 f i easy_build.obj
 0001:00000710       ??$_Fill_unchecked@PEAV?$_List_unchecked_iterator@V?$_List_val@U?$_List_simple_types@U?$pair@$$CBUlen_string@@H@std@@@std@@@std@@@std@@V12@@std@@YAXPEAV?$_List_unchecked_iterator@V?$_List_val@U?$_List_simple_types@U?$pair@$$CBUlen_string@@H@std@@@std@@@std@@@0@0AEBV10@@Z 0000000140001710 f i easy_build.obj
 0001:000007b0       ??$_Insert@AEAU?$pair@$$CBUlen_string@@H@std@@V?$_List_unchecked_iterator@V?$_List_val@U?$_List_simple_types@U?$pair@$$CBUlen_string@@H@std@@@std@@@std@@@2@@?$_Hash@V?$_Umap_traits@Ulen_string@@HV?$_Uhash_compare@Ulen_string@@U?$hash@Ulen_string@@@std@@U?$equal_to@Ulen_string@@@3@@std@@V?$allocator@U?$pair@$$CBUlen_string@@H@std@@@3@$0A@@std@@@std@@IEAA?AU?$pair@V?$_List_iterator@V?$_List_val@U?$_List_simple_types@U?$pair@$$CBUlen_string@@H@std@@@std@@@std@@@std@@_N@1@AEAU?$pair@$$CBUlen_string@@H@1@V?$_List_unchecked_iterator@V?$_List_val@U?$_List_simple_types@U?$pair@$$CBUlen_string@@H@std@@@std@@@std@@@1@@Z 00000001400017b0 f i easy_build.obj
 0001:00000ad0       ??$_Insert@U?$pair@$$CBUlen_string@@H@std@@U_Not_a_node_tag@2@@?$_Hash@V?$_Umap_traits@Ulen_string@@HV?$_Uhash_compare@Ulen_string@@U?$hash@Ulen_string@@@std@@U?$equal_to@Ulen_string@@@3@@std@@V?$allocator@U?$pair@$$CBUlen_string@@H@std@@@3@$0A@@std@@@std@@IEAA?AU?$pair@V?$_List_iterator@V?$_List_val@U?$_List_simple_types@U?$pair@$$CBUlen_string@@H@std@@@std@@@std@@@std@@_N@1@$$QEAU?$pair@$$CBUlen_string@@H@1@U_Not_a_node_tag@1@@Z 0000000140001ad0 f i easy_build.obj
 0001:00000e50       ??$_Try_emplace@AEBUlen_string@@$$V@?$unordered_map@Ulen_string@@HU?$hash@Ulen_string@@@std@@U?$equal_to@Ulen_string@@@3@V?$allocator@U?$pair@$$CBUlen_string@@H@std@@@3@@std@@QEAA?AU?$pair@V?$_List_iterator@V?$_List_val@U?$_List_simple_types@U?$pair@$$CBUlen_string@@H@std@@@std@@@std@@@std@@_N@1@AEBUlen_string@@@Z 0000000140001e50 f i easy_build.obj
 0001:000010c0       ??$erase@V?$_List_iterator@V?$_List_val@U?$_List_simple_types@U?$pair@$$CBUlen_string@@H@std@@@std@@@std@@@std@@X@?$_Hash@V?$_Umap_traits@Ulen_string@@HV?$_Uhash_compare@Ulen_string@@U?$hash@Ulen_string@@@std@@U?$equal_to@Ulen_string@@@3@@std@@V?$allocator@U?$pair@$$CBUlen_string@@H@std@@@3@$0A@@std@@@std@@QEAA?AV?$_List_iterator@V?$_List_val@U?$_List_simple_types@U?$pair@$$CBUlen_string@@H@std@@@std@@@std@@@1@V21@@Z 00000001400020c0 f i easy_build.obj
 0001:00001160       ??1?$_List_const_iterator@V?$_List_val@U?$_List_simple_types@U?$pair@$$CBUlen_string@@H@std@@@std@@@std@@@std@@QEAA@XZ 0000000140002160 f i easy_build.obj
 0001:000011a0       ??1?$_List_iterator@V?$_List_val@U?$_List_simple_types@U?$pair@$$CBUlen_string@@H@std@@@std@@@std@@@std@@QEAA@XZ 00000001400021a0 f i easy_build.obj
 0001:000011e0       ??1?$list@U?$pair@$$CBUlen_string@@H@std@@V?$allocator@U?$pair@$$CBUlen_string@@H@std@@@2@@std@@QEAA@XZ 00000001400021e0 f i easy_build.obj
 0001:000012e0       ??1?$pair@V?$_List_iterator@V?$_List_val@U?$_List_simple_types@U?$pair@$$CBUlen_string@@H@std@@@std@@@std@@@std@@_N@std@@QEAA@XZ 00000001400022e0 f i easy_build.obj
 0001:00001320       ??1?$vector@PEADV?$allocator@PEAD@std@@@std@@QEAA@XZ 0000000140002320 f i easy_build.obj
 0001:000013a0       ??1?$vector@Ulen_string@@V?$allocator@Ulen_string@@@std@@@std@@QEAA@XZ 00000001400023a0 f i easy_build.obj
 0001:00001410       ??1?$vector@V?$_List_unchecked_iterator@V?$_List_val@U?$_List_simple_types@U?$pair@$$CBUlen_string@@H@std@@@std@@@std@@@std@@V?$allocator@V?$_List_unchecked_iterator@V?$_List_val@U?$_List_simple_types@U?$pair@$$CBUlen_string@@H@std@@@std@@@std@@@std@@@2@@std@@QEAA@XZ 0000000140002410 f i easy_build.obj
 0001:00001490       ??8?$_List_const_iterator@V?$_List_val@U?$_List_simple_types@U?$pair@$$CBUlen_string@@H@std@@@std@@@std@@@std@@QEBA_NAEBV01@@Z 0000000140002490 f i easy_build.obj
 0001:00001540       ??A?$vector@V?$_List_unchecked_iterator@V?$_List_val@U?$_List_simple_types@U?$pair@$$CBUlen_string@@H@std@@@std@@@std@@@std@@V?$allocator@V?$_List_unchecked_iterator@V?$_List_val@U?$_List_simple_types@U?$pair@$$CBUlen_string@@H@std@@@std@@@std@@@std@@@2@@std@@QEAAAEAV?$_List_unchecked_iterator@V?$_List_val@U?$_List_simple_types@U?$pair@$$CBUlen_string@@H@std@@@std@@@std@@@1@_K@Z 0000000140002540 f i easy_build.obj
 0001:000015f0       ??D?$_List_const_iterator@V?$_List_val@U?$_List_simple_types@U?$pair@$$CBUlen_string@@H@std@@@std@@@std@@@std@@QEBAAEBU?$pair@$$CBUlen_string@@H@1@XZ 00000001400025f0 f i easy_build.obj
 0001:00001700       ??E?$_List_const_iterator@V?$_List_val@U?$_List_simple_types@U?$pair@$$CBUlen_string@@H@std@@@std@@@std@@@std@@QEAA?AV01@H@Z 0000000140002700 f i easy_build.obj
 0001:00001850       ?_Adopt@_Iterator_base12@std@@QEAAXPEBU_Container_base12@2@@Z 0000000140002850 f i easy_build.obj
 0001:000018d0       ?_Buynode0@?$_List_alloc@U?$_List_base_types@U?$pair@$$CBUlen_string@@H@std@@V?$allocator@U?$pair@$$CBUlen_string@@H@std@@@2@@std@@@std@@QEAAPEAU?$_List_node@U?$pair@$$CBUlen_string@@H@std@@PEAX@2@PEAU32@0@Z 00000001400028d0 f i easy_build.obj
 0001:00001920       ?_Change_array@?$vector@Ulen_string@@V?$allocator@Ulen_string@@@std@@@std@@AEAAXQEAUlen_string@@_K1@Z 0000000140002920 f i easy_build.obj
 0001:00001990       ?_Check_size@?$_Hash@V?$_Umap_traits@Ulen_string@@HV?$_Uhash_compare@Ulen_string@@U?$hash@Ulen_string@@@std@@U?$equal_to@Ulen_string@@@3@@std@@V?$allocator@U?$pair@$$CBUlen_string@@H@std@@@3@$0A@@std@@@std@@IEAAXXZ 0000000140002990 f i easy_build.obj
 0001:00001a80       ?_Destroy_if_node@?$_Hash@V?$_Umap_traits@Ulen_string@@HV?$_Uhash_compare@Ulen_string@@U?$hash@Ulen_string@@@std@@U?$equal_to@Ulen_string@@@3@@std@@V?$allocator@U?$pair@$$CBUlen_string@@H@std@@@3@$0A@@std@@@std@@IEAAXV?$_List_unchecked_iterator@V?$_List_val@U?$_List_simple_types@U?$pair@$$CBUlen_string@@H@std@@@std@@@std@@@2@@Z 0000000140002a80 f i easy_build.obj
 0001:00001ba0       ?_Freeheadnode@?$_List_alloc@U?$_List_base_types@U?$pair@$$CBUlen_string@@H@std@@V?$allocator@U?$pair@$$CBUlen_string@@H@std@@@2@@std@@@std@@QEAAXPEAU?$_List_node@U?$pair@$$CBUlen_string@@H@std@@PEAX@2@@Z 0000000140002ba0 f i easy_build.obj
 0001:00001bc0       ?_Getal@?$_Vector_alloc@U?$_Vec_base_types@V?$_List_unchecked_iterator@V?$_List_val@U?$_List_simple_types@U?$pair@$$CBUlen_string@@H@std@@@std@@@std@@@std@@V?$allocator@V?$_List_unchecked_iterator@V?$_List_val@U?$_List_simple_types@U?$pair@$$CBUlen_string@@H@std@@@std@@@std@@@std@@@2@@std@@@std@@QEAAAEAV?$allocator@V?$_List_unchecked_iterator@V?$_List_val@U?$_List_simple_types@U?$pair@$$CBUlen_string@@H@std@@@std@@@std@@@std@@@2@XZ 0000000140002bc0 f i easy_build.obj
 0001:00001bd0       ?_Getcont@_Iterator_base12@std@@QEBAPEBU_Container_base12@2@XZ 0000000140002bd0 f i easy_build.obj
 0001:00001be0       ?_Init@?$_Hash@V?$_Umap_traits@Ulen_string@@HV?$_Uhash_compare@Ulen_string@@U?$hash@Ulen_string@@@std@@U?$equal_to@Ulen_string@@@3@@std@@V?$allocator@U?$pair@$$CBUlen_string@@H@std@@@3@$0A@@std@@@std@@IEAAX_K@Z 0000000140002be0 f i easy_build.obj
 0001:00001d70       ?_Insert_bucket@?$_Hash@V?$_Umap_traits@Ulen_string@@HV?$_Uhash_compare@Ulen_string@@U?$hash@Ulen_string@@@std@@U?$equal_to@Ulen_string@@@3@@std@@V?$allocator@U?$pair@$$CBUlen_string@@H@std@@@3@$0A@@std@@@std@@IEAAXV?$_List_unchecked_iterator@V?$_List_val@U?$_List_simple_types@U?$pair@$$CBUlen_string@@H@std@@@std@@@std@@@2@0_K@Z 0000000140002d70 f i easy_build.obj
 0001:00001e30       ?_Make_iter@?$_Hash@V?$_Umap_traits@Ulen_string@@HV?$_Uhash_compare@Ulen_string@@U?$hash@Ulen_string@@@std@@U?$equal_to@Ulen_string@@@3@@std@@V?$allocator@U?$pair@$$CBUlen_string@@H@std@@@3@$0A@@std@@@std@@QEBA?AV?$_List_iterator@V?$_List_val@U?$_List_simple_types@U?$pair@$$CBUlen_string@@H@std@@@std@@@std@@@2@V?$_List_const_iterator@V?$_List_val@U?$_List_simple_types@U?$pair@$$CBUlen_string@@H@std@@@std@@@std@@@2@@Z 0000000140002e30 f i easy_build.obj
 0001:00001ed0       ?_Make_iter@?$_Hash@V?$_Umap_traits@Ulen_string@@HV?$_Uhash_compare@Ulen_string@@U?$hash@Ulen_string@@@std@@U?$equal_to@Ulen_string@@@3@@std@@V?$allocator@U?$pair@$$CBUlen_string@@H@std@@@3@$0A@@std@@@std@@QEBA?AV?$_List_iterator@V?$_List_val@U?$_List_simple_types@U?$pair@$$CBUlen_string@@H@std@@@std@@@std@@@2@V?$_List_unchecked_const_iterator@V?$_List_val@U?$_List_simple_types@U?$pair@$$CBUlen_string@@H@std@@@std@@@std@@U_Iterator_base0@2@@2@@Z 0000000140002ed0 f i easy_build.obj
 0001:00001f00       ?_Make_iter@?$list@U?$pair@$$CBUlen_string@@H@std@@V?$allocator@U?$pair@$$CBUlen_string@@H@std@@@2@@std@@QEBA?AV?$_List_iterator@V?$_List_val@U?$_List_simple_types@U?$pair@$$CBUlen_string@@H@std@@@std@@@std@@@2@V?$_List_const_iterator@V?$_List_val@U?$_List_simple_types@U?$pair@$$CBUlen_string@@H@std@@@std@@@std@@@2@@Z 0000000140002f00 f i easy_build.obj
 0001:00001f70       ?_Myhead@?$_List_alloc@U?$_List_base_types@U?$pair@$$CBUlen_string@@H@std@@V?$allocator@U?$pair@$$CBUlen_string@@H@std@@@2@@std@@@std@@QEAAAEAPEAU?$_List_node@U?$pair@$$CBUlen_string@@H@std@@PEAX@2@XZ 0000000140002f70 f i easy_build.obj
 0001:00001f80       ?_Orphan_all@_Container_base12@std@@QEAAXXZ 0000000140002f80 f i easy_build.obj
 0001:00002000       ?_Orphan_me@_Iterator_base12@std@@QEAAXXZ 0000000140003000 f i easy_build.obj
 0001:000020d0       ?_Orphan_ptr@?$list@U?$pair@$$CBUlen_string@@H@std@@V?$allocator@U?$pair@$$CBUlen_string@@H@std@@@2@@std@@QEAAXPEAU?$_List_node@U?$pair@$$CBUlen_string@@H@std@@PEAX@2@@Z 00000001400030d0 f i easy_build.obj
 0001:00002160       ?_Reallocate_exactly@?$vector@V?$_List_unchecked_iterator@V?$_List_val@U?$_List_simple_types@U?$pair@$$CBUlen_string@@H@std@@@std@@@std@@@std@@V?$allocator@V?$_List_unchecked_iterator@V?$_List_val@U?$_List_simple_types@U?$pair@$$CBUlen_string@@H@std@@@std@@@std@@@std@@@2@@std@@AEAAX_K@Z 0000000140003160 f i easy_build.obj
 0001:00002250       ?_Xlength@?$vector@PEADV?$allocator@PEAD@std@@@std@@CAXXZ 0000000140003250 f i easy_build.obj
 0001:00002270       ?_Xlength@?$vector@Ulen_string@@V?$allocator@Ulen_string@@@std@@@std@@CAXXZ 0000000140003270 f i easy_build.obj
 0001:00002290       ?_Xlength@?$vector@V?$_List_unchecked_iterator@V?$_List_val@U?$_List_simple_types@U?$pair@$$CBUlen_string@@H@std@@@std@@@std@@@std@@V?$allocator@V?$_List_unchecked_iterator@V?$_List_val@U?$_List_simple_types@U?$pair@$$CBUlen_string@@H@std@@@std@@@std@@@std@@@2@@std@@CAXXZ 0000000140003290 f i easy_build.obj
 0001:00002d80       ?deallocate@?$allocator@PEAD@std@@QEAAXQEAPEAD_K@Z 0000000140003d80 f i easy_build.obj
 0001:00002d90       ?deallocate@?$allocator@U?$_List_node@U?$pair@$$CBUlen_string@@H@std@@PEAX@std@@@std@@QEAAXQEAU?$_List_node@U?$pair@$$CBUlen_string@@H@std@@PEAX@2@_K@Z 0000000140003d90 f i easy_build.obj
 0001:00002da0       ?deallocate@?$allocator@Ulen_string@@@std@@QEAAXQEAUlen_string@@_K@Z 0000000140003da0 f i easy_build.obj
 0001:00002db0       ?deallocate@?$allocator@V?$_List_unchecked_iterator@V?$_List_val@U?$_List_simple_types@U?$pair@$$CBUlen_string@@H@std@@@std@@@std@@@std@@@std@@QEAAXQEAV?$_List_unchecked_iterator@V?$_List_val@U?$_List_simple_types@U?$pair@$$CBUlen_string@@H@std@@@std@@@std@@@2@_K@Z 0000000140003db0 f i easy_build.obj
 0001:00002dc0       ?erase@?$_Hash@V?$_Umap_traits@Ulen_string@@HV?$_Uhash_compare@Ulen_string@@U?$hash@Ulen_string@@@std@@U?$equal_to@Ulen_string@@@3@@std@@V?$allocator@U?$pair@$$CBUlen_string@@H@std@@@3@$0A@@std@@@std@@QEAA?AV?$_List_iterator@V?$_List_val@U?$_List_simple_types@U?$pair@$$CBUlen_string@@H@std@@@std@@@std@@@2@V?$_List_const_iterator@V?$_List_val@U?$_List_simple_types@U?$pair@$$CBUlen_string@@H@std@@@std@@@std@@@2@@Z 0000000140003dc0 f i easy_build.obj
 0001:00002f90       ?erase@?$list@U?$pair@$$CBUlen_string@@H@std@@V?$allocator@U?$pair@$$CBUlen_string@@H@std@@@2@@std@@QEAA?AV?$_List_iterator@V?$_List_val@U?$_List_simple_types@U?$pair@$$CBUlen_string@@H@std@@@std@@@std@@@2@V?$_List_const_iterator@V?$_List_val@U?$_List_simple_types@U?$pair@$$CBUlen_string@@H@std@@@std@@@std@@@2@@Z 0000000140003f90 f i easy_build.obj
 0001:00003120       ?lower_bound@?$_Hash@V?$_Umap_traits@Ulen_string@@HV?$_Uhash_compare@Ulen_string@@U?$hash@Ulen_string@@@std@@U?$equal_to@Ulen_string@@@3@@std@@V?$allocator@U?$pair@$$CBUlen_string@@H@std@@@3@$0A@@std@@@std@@QEAA?AV?$_List_iterator@V?$_List_val@U?$_List_simple_types@U?$pair@$$CBUlen_string@@H@std@@@std@@@std@@@2@AEBUlen_string@@@Z 0000000140004120 f i easy_build.obj
 0001:000033f0       ?should_compile_file@@YAIPEADAEBUlen_string@@PEAI@Z 00000001400043f0 f   easy_build.obj
 0001:000041b0       __local_stdio_printf_options 00000001400051b0 f i easy_build.obj
 0001:000041c0       fprintf                    00000001400051c0 f i easy_build.obj
 0001:00004210       main                       0000000140005210 f   easy_build.obj
 0001:00004577       ?_Xlength_error@std@@YAXPEBD@Z 0000000140005577 f   msvcprtd:MSVCP140D.dll
 0001:00004580       ??2@YAPEAX_K@Z             0000000140005580 f   MSVCRTD:new_scalar.obj
 0001:000045d0       ??3@YAXPEAX_K@Z            00000001400055d0 f   MSVCRTD:delete_scalar_size.obj
 0001:000045f0       ??$__crt_fast_decode_pointer@PEAP6AXXZ@@YAPEAP6AXXZQEAP6AXXZ@Z 00000001400055f0 f i MSVCRTD:utility.obj
 0001:00004630       ??$__crt_fast_encode_pointer@PEAP6AXXZ@@YAPEAP6AXXZQEAP6AXXZ@Z 0000000140005630 f i MSVCRTD:utility.obj
 0001:00004670       ?__crt_rotate_pointer_value@@YA_K_KH@Z 0000000140005670 f i MSVCRTD:utility.obj
 0001:00004690       ?configure_argv@__scrt_narrow_argv_policy@@SAHXZ 0000000140005690 f i MSVCRTD:utility.obj
 0001:00004780       ?initialize_environment@__scrt_narrow_environment_policy@@SAHXZ 0000000140005780 f i MSVCRTD:utility.obj
 0001:00004820       NtCurrentTeb               0000000140005820 f i MSVCRTD:utility.obj
 0001:00004830       __scrt_acquire_startup_lock 0000000140005830 f   MSVCRTD:utility.obj
 0001:000048a0       __scrt_initialize_crt      00000001400058a0 f   MSVCRTD:utility.obj
 0001:000048f0       __scrt_initialize_onexit_tables 00000001400058f0 f   MSVCRTD:utility.obj
 0001:00004a00       __scrt_is_nonwritable_in_current_image 0000000140005a00 f   MSVCRTD:utility.obj
 0001:00004a90       __scrt_release_startup_lock 0000000140005a90 f   MSVCRTD:utility.obj
 0001:00004ac0       __scrt_uninitialize_crt    0000000140005ac0 f   MSVCRTD:utility.obj
 0001:00004b00       _onexit                    0000000140005b00 f   MSVCRTD:utility.obj
 0001:00004b90       atexit                     0000000140005b90 f   MSVCRTD:utility.obj
 0001:00004bd0       __GSHandlerCheck           0000000140005bd0 f   MSVCRTD:_gshandler_.obj
 0001:00004c10       __GSHandlerCheckCommon     0000000140005c10 f   MSVCRTD:_gshandler_.obj
 0001:00004d10       __GSHandlerCheck_EH        0000000140005d10 f   MSVCRTD:gshandlereh.obj
 0001:00004dd0       __security_check_cookie    0000000140005dd0 f   MSVCRTD:_amdsecgs_.obj
 0001:000050f0       ?set_app_type@__scrt_main_policy@@SAXXZ 00000001400060f0 f i MSVCRTD:exe_main.obj
 0001:00005110       ?set_commode@__scrt_file_policy@@SAXXZ 0000000140006110 f i MSVCRTD:exe_main.obj
 0001:00005130       ?set_fmode@__scrt_file_policy@@SAXXZ 0000000140006130 f i MSVCRTD:exe_main.obj
 0001:00005150       mainCRTStartup             0000000140006150 f   MSVCRTD:exe_main.obj
 0001:00005160       ??0bad_alloc@std@@AEAA@QEBD@Z 0000000140006160 f i MSVCRTD:throw_bad_alloc.obj
 0001:000051a0       ??0bad_alloc@std@@QEAA@AEBV01@@Z 00000001400061a0 f i MSVCRTD:throw_bad_alloc.obj
 0001:000051e0       ??0bad_alloc@std@@QEAA@XZ  00000001400061e0 f i MSVCRTD:throw_bad_alloc.obj
 0001:00005220       ??0bad_array_new_length@std@@QEAA@AEBV01@@Z 0000000140006220 f i MSVCRTD:throw_bad_alloc.obj
 0001:00005260       ??0bad_array_new_length@std@@QEAA@XZ 0000000140006260 f i MSVCRTD:throw_bad_alloc.obj
 0001:000052a0       ??0exception@std@@QEAA@AEBV01@@Z 00000001400062a0 f i MSVCRTD:throw_bad_alloc.obj
 0001:00005300       ??0exception@std@@QEAA@QEBDH@Z 0000000140006300 f i MSVCRTD:throw_bad_alloc.obj
 0001:00005350       ??1bad_alloc@std@@UEAA@XZ  0000000140006350 f i MSVCRTD:throw_bad_alloc.obj
 0001:00005370       ??1bad_array_new_length@std@@UEAA@XZ 0000000140006370 f i MSVCRTD:throw_bad_alloc.obj
 0001:00005390       ??1exception@std@@UEAA@XZ  0000000140006390 f i MSVCRTD:throw_bad_alloc.obj
 0001:000053c0       ??_Gbad_alloc@std@@UEAAPEAXI@Z 00000001400063c0 f i MSVCRTD:throw_bad_alloc.obj
 0001:000053c0       ??_Ebad_alloc@std@@UEAAPEAXI@Z 00000001400063c0 f i MSVCRTD:throw_bad_alloc.obj
 0001:00005400       ??_Ebad_array_new_length@std@@UEAAPEAXI@Z 0000000140006400 f i MSVCRTD:throw_bad_alloc.obj
 0001:00005400       ??_Gbad_array_new_length@std@@UEAAPEAXI@Z 0000000140006400 f i MSVCRTD:throw_bad_alloc.obj
 0001:00005440       ??_Gexception@std@@UEAAPEAXI@Z 0000000140006440 f i MSVCRTD:throw_bad_alloc.obj
 0001:00005440       ??_Eexception@std@@UEAAPEAXI@Z 0000000140006440 f i MSVCRTD:throw_bad_alloc.obj
 0001:00005480       ?__scrt_throw_std_bad_alloc@@YAXXZ 0000000140006480 f   MSVCRTD:throw_bad_alloc.obj
 0001:000054b0       ?__scrt_throw_std_bad_array_new_length@@YAXXZ 00000001400064b0 f   MSVCRTD:throw_bad_alloc.obj
 0001:000054e0       ?what@exception@std@@UEBAPEBDXZ 00000001400064e0 f i MSVCRTD:throw_bad_alloc.obj
 0001:00005520       ??3@YAXPEAX@Z              0000000140006520 f   MSVCRTD:delete_scalar.obj
 0001:00005540       __isa_available_init       0000000140006540 f   MSVCRTD:_cpu_disp_.obj
 0001:000058b0       _get_startup_argv_mode     00000001400068b0 f   MSVCRTD:argv_mode.obj
 0001:000058c0       __scrt_is_ucrt_dll_in_use  00000001400068c0 f   MSVCRTD:ucrt_detection.obj
 0001:000058f0       __crt_debugger_hook        00000001400068f0 f   MSVCRTD:utility_desktop.obj
 0001:00005900       __scrt_fastfail            0000000140006900 f   MSVCRTD:utility_desktop.obj
 0001:00005aa0       __scrt_initialize_mta      0000000140006aa0 f   MSVCRTD:utility_desktop.obj
 0001:00005ab0       __scrt_initialize_winrt    0000000140006ab0 f   MSVCRTD:utility_desktop.obj
 0001:00005ac0       __scrt_is_managed_app      0000000140006ac0 f   MSVCRTD:utility_desktop.obj
 0001:00005b70       __scrt_set_unhandled_exception_filter 0000000140006b70 f   MSVCRTD:utility_desktop.obj
 0001:00005b90       __scrt_stub_for_initialize_mta 0000000140006b90 f   MSVCRTD:utility_desktop.obj
 0001:00005b90       __scrt_exe_initialize_mta  0000000140006b90 f   MSVCRTD:utility_desktop.obj
 0001:00005ba0       __scrt_unhandled_exception_filter 0000000140006ba0 f   MSVCRTD:utility_desktop.obj
 0001:00005c20       _guard_check_icall_nop     0000000140006c20 f i MSVCRTD:guard_support.obj
 0001:00005c30       __raise_securityfailure    0000000140006c30 f   MSVCRTD:gs_report.obj
 0001:00005c70       __report_gsfailure         0000000140006c70 f   MSVCRTD:gs_report.obj
 0001:00005ed0       __security_init_cookie     0000000140006ed0 f   MSVCRTD:gs_support.obj
 0001:00005f50       _matherr                   0000000140006f50 f   MSVCRTD:matherr.obj
 0001:00005f60       _get_startup_commit_mode   0000000140006f60 f   MSVCRTD:commit_mode.obj
 0001:00005f70       _get_startup_file_mode     0000000140006f70 f   MSVCRTD:file_mode.obj
 0001:00005f80       _get_startup_new_mode      0000000140006f80 f   MSVCRTD:new_mode.obj
 0001:00005f90       _get_startup_thread_locale_mode 0000000140006f90 f   MSVCRTD:thread_locale.obj
 0001:00005fa0       ?__scrt_initialize_type_info@@YAXXZ 0000000140006fa0 f   MSVCRTD:tncleanup.obj
 0001:00005fc0       _should_initialize_environment 0000000140006fc0 f   MSVCRTD:env_mode.obj
 0001:00005fd0       _initialize_invalid_parameter_handler 0000000140006fd0 f   MSVCRTD:invalid_parameter_handler.obj
 0001:00005fe0       _initialize_denormal_control 0000000140006fe0 f   MSVCRTD:denormal_control.obj
 0001:00005ff0       __local_stdio_scanf_options 0000000140006ff0 f i MSVCRTD:default_local_stdio_options.obj
 0001:00006000       __scrt_initialize_default_local_stdio_options 0000000140007000 f   MSVCRTD:default_local_stdio_options.obj
 0001:00006050       __scrt_is_user_matherr_present 0000000140007050 f   MSVCRTD:matherr_detection.obj
 0001:00006080       __scrt_get_dyn_tls_init_callback 0000000140007080 f   MSVCRTD:dyn_tls_init.obj
 0001:00006090       __scrt_get_dyn_tls_dtor_callback 0000000140007090 f   MSVCRTD:dyn_tls_dtor.obj
 0001:000060a0       _RTC_Initialize            00000001400070a0 f   MSVCRTD:_initsect_.obj
 0001:000060f0       _RTC_Terminate             00000001400070f0 f   MSVCRTD:_initsect_.obj
 0001:00006140       ??1type_info@@UEAA@XZ      0000000140007140 f   MSVCRTD:std_type_info_static.obj
 0001:00006160       ??_Etype_info@@UEAAPEAXI@Z 0000000140007160 f i MSVCRTD:std_type_info_static.obj
 0001:00006160       ??_Gtype_info@@UEAAPEAXI@Z 0000000140007160 f i MSVCRTD:std_type_info_static.obj
 0001:000061a0       IsProcessorFeaturePresent  00000001400071a0 f   kernel32:KERNEL32.dll
 0001:000061a6       __std_terminate            00000001400071a6 f   vcruntimed:VCRUNTIME140D.dll
 0001:000061ac       _CxxThrowException         00000001400071ac f   vcruntimed:VCRUNTIME140D.dll
 0001:000061b2       __CxxFrameHandler3         00000001400071b2 f   vcruntimed:VCRUNTIME140D.dll
 0001:000061b8       memcpy                     00000001400071b8 f   vcruntimed:VCRUNTIME140D.dll
 0001:000061be       memmove                    00000001400071be f   vcruntimed:VCRUNTIME140D.dll
 0001:000061c4       memset                     00000001400071c4 f   vcruntimed:VCRUNTIME140D.dll
 0001:000061ca       __C_specific_handler       00000001400071ca f   vcruntimed:VCRUNTIME140D.dll
 0001:000061d0       __std_exception_copy       00000001400071d0 f   vcruntimed:VCRUNTIME140D.dll
 0001:000061d6       __std_exception_destroy    00000001400071d6 f   vcruntimed:VCRUNTIME140D.dll
 0001:000061dc       malloc                     00000001400071dc f   ucrtd:ucrtbased.dll
 0001:000061e2       _callnewh                  00000001400071e2 f   ucrtd:ucrtbased.dll
 0001:000061e8       _configure_narrow_argv     00000001400071e8 f   ucrtd:ucrtbased.dll
 0001:000061ee       _initialize_narrow_environment 00000001400071ee f   ucrtd:ucrtbased.dll
 0001:000061f4       _initialize_onexit_table   00000001400071f4 f   ucrtd:ucrtbased.dll
 0001:000061fa       _register_onexit_function  00000001400071fa f   ucrtd:ucrtbased.dll
 0001:00006200       _crt_atexit                0000000140007200 f   ucrtd:ucrtbased.dll
 0001:00006206       _cexit                     0000000140007206 f   ucrtd:ucrtbased.dll
 0001:0000620c       _seh_filter_exe            000000014000720c f   ucrtd:ucrtbased.dll
 0001:00006212       _set_app_type              0000000140007212 f   ucrtd:ucrtbased.dll
 0001:00006218       __setusermatherr           0000000140007218 f   ucrtd:ucrtbased.dll
 0001:0000621e       _get_initial_narrow_environment 000000014000721e f   ucrtd:ucrtbased.dll
 0001:00006224       _initterm                  0000000140007224 f   ucrtd:ucrtbased.dll
 0001:0000622a       _initterm_e                000000014000722a f   ucrtd:ucrtbased.dll
 0001:00006230       exit                       0000000140007230 f   ucrtd:ucrtbased.dll
 0001:00006236       _exit                      0000000140007236 f   ucrtd:ucrtbased.dll
 0001:0000623c       _set_fmode                 000000014000723c f   ucrtd:ucrtbased.dll
 0001:00006242       __p___argc                 0000000140007242 f   ucrtd:ucrtbased.dll
 0001:00006248       __p___argv                 0000000140007248 f   ucrtd:ucrtbased.dll
 0001:0000624e       _c_exit                    000000014000724e f   ucrtd:ucrtbased.dll
 0001:00006254       _register_thread_local_exe_atexit_callback 0000000140007254 f   ucrtd:ucrtbased.dll
 0001:0000625a       _configthreadlocale        000000014000725a f   ucrtd:ucrtbased.dll
 0001:00006260       _set_new_mode              0000000140007260 f   ucrtd:ucrtbased.dll
 0001:00006266       __p__commode               0000000140007266 f   ucrtd:ucrtbased.dll
 0001:0000626c       _free_dbg                  000000014000726c f   ucrtd:ucrtbased.dll
 0001:00006272       terminate                  0000000140007272 f   ucrtd:ucrtbased.dll
 0001:00006280       __scrt_stub_for_acrt_initialize 0000000140007280 f   MSVCRTD:ucrt_stubs.obj
 0001:00006280       __vcrt_initialize          0000000140007280 f   MSVCRTD:ucrt_stubs.obj
 0001:00006280       __acrt_initialize          0000000140007280 f   MSVCRTD:ucrt_stubs.obj
 0001:00006290       __scrt_stub_for_acrt_uninitialize 0000000140007290 f   MSVCRTD:ucrt_stubs.obj
 0001:00006290       __acrt_uninitialize        0000000140007290 f   MSVCRTD:ucrt_stubs.obj
 0001:00006290       __vcrt_uninitialize        0000000140007290 f   MSVCRTD:ucrt_stubs.obj
 0001:000062b0       _guard_dispatch_icall_nop  00000001400072b0 f   MSVCRTD:_guard_dispatch_.obj
 0002:00000000       __imp_TerminateProcess     0000000140008000     kernel32:KERNEL32.dll
 0002:00000008       __imp_GetSystemTimeAsFileTime 0000000140008008     kernel32:KERNEL32.dll
 0002:00000010       __imp_GetCurrentThreadId   0000000140008010     kernel32:KERNEL32.dll
 0002:00000018       __imp_GetCurrentProcessId  0000000140008018     kernel32:KERNEL32.dll
 0002:00000020       __imp_CreateFileA          0000000140008020     kernel32:KERNEL32.dll
 0002:00000028       __imp_FindFirstFileA       0000000140008028     kernel32:KERNEL32.dll
 0002:00000030       __imp_FindNextFileA        0000000140008030     kernel32:KERNEL32.dll
 0002:00000038       __imp_GetFileTime          0000000140008038     kernel32:KERNEL32.dll
 0002:00000040       __imp_RtlCaptureContext    0000000140008040     kernel32:KERNEL32.dll
 0002:00000048       __imp_RtlLookupFunctionEntry 0000000140008048     kernel32:KERNEL32.dll
 0002:00000050       __imp_RtlVirtualUnwind     0000000140008050     kernel32:KERNEL32.dll
 0002:00000058       __imp_IsDebuggerPresent    0000000140008058     kernel32:KERNEL32.dll
 0002:00000060       __imp_UnhandledExceptionFilter 0000000140008060     kernel32:KERNEL32.dll
 0002:00000068       __imp_SetUnhandledExceptionFilter 0000000140008068     kernel32:KERNEL32.dll
 0002:00000070       __imp_IsProcessorFeaturePresent 0000000140008070     kernel32:KERNEL32.dll
 0002:00000078       __imp_GetModuleHandleW     0000000140008078     kernel32:KERNEL32.dll
 0002:00000080       __imp_GetCurrentProcess    0000000140008080     kernel32:KERNEL32.dll
 0002:00000088       __imp_QueryPerformanceCounter 0000000140008088     kernel32:KERNEL32.dll
 0002:00000090       __imp_InitializeSListHead  0000000140008090     kernel32:KERNEL32.dll
 0002:00000098       \177KERNEL32_NULL_THUNK_DATA 0000000140008098     kernel32:KERNEL32.dll
 0002:000000a0       __imp_??1_Lockit@std@@QEAA@XZ 00000001400080a0     msvcprtd:MSVCP140D.dll
 0002:000000a8       __imp_?_Xlength_error@std@@YAXPEBD@Z 00000001400080a8     msvcprtd:MSVCP140D.dll
 0002:000000b0       __imp_??0_Lockit@std@@QEAA@H@Z 00000001400080b0     msvcprtd:MSVCP140D.dll
 0002:000000b8       \177MSVCP140D_NULL_THUNK_DATA 00000001400080b8     msvcprtd:MSVCP140D.dll
 0002:000000c0       __imp___std_terminate      00000001400080c0     vcruntimed:VCRUNTIME140D.dll
 0002:000000c8       __imp__CxxThrowException   00000001400080c8     vcruntimed:VCRUNTIME140D.dll
 0002:000000d0       __imp___CxxFrameHandler3   00000001400080d0     vcruntimed:VCRUNTIME140D.dll
 0002:000000d8       __imp_memcpy               00000001400080d8     vcruntimed:VCRUNTIME140D.dll
 0002:000000e0       __imp_memmove              00000001400080e0     vcruntimed:VCRUNTIME140D.dll
 0002:000000e8       __imp_memset               00000001400080e8     vcruntimed:VCRUNTIME140D.dll
 0002:000000f0       __imp___C_specific_handler 00000001400080f0     vcruntimed:VCRUNTIME140D.dll
 0002:000000f8       __imp___std_exception_copy 00000001400080f8     vcruntimed:VCRUNTIME140D.dll
 0002:00000100       __imp___std_exception_destroy 0000000140008100     vcruntimed:VCRUNTIME140D.dll
 0002:00000108       \177VCRUNTIME140D_NULL_THUNK_DATA 0000000140008108     vcruntimed:VCRUNTIME140D.dll
 0002:00000110       __imp__invalid_parameter   0000000140008110     ucrtd:ucrtbased.dll
 0002:00000118       __imp___acrt_iob_func      0000000140008118     ucrtd:ucrtbased.dll
 0002:00000120       __imp_fclose               0000000140008120     ucrtd:ucrtbased.dll
 0002:00000128       __imp_fopen                0000000140008128     ucrtd:ucrtbased.dll
 0002:00000130       __imp_fread                0000000140008130     ucrtd:ucrtbased.dll
 0002:00000138       __imp_fseek                0000000140008138     ucrtd:ucrtbased.dll
 0002:00000140       __imp_ftell                0000000140008140     ucrtd:ucrtbased.dll
 0002:00000148       __imp_fwrite               0000000140008148     ucrtd:ucrtbased.dll
 0002:00000150       __imp___stdio_common_vfprintf 0000000140008150     ucrtd:ucrtbased.dll
 0002:00000158       __imp_free                 0000000140008158     ucrtd:ucrtbased.dll
 0002:00000160       __imp_malloc               0000000140008160     ucrtd:ucrtbased.dll
 0002:00000168       __imp_realloc              0000000140008168     ucrtd:ucrtbased.dll
 0002:00000170       __imp_strtok               0000000140008170     ucrtd:ucrtbased.dll
 0002:00000178       __imp__CrtDbgReport        0000000140008178     ucrtd:ucrtbased.dll
 0002:00000180       __imp_tolower              0000000140008180     ucrtd:ucrtbased.dll
 0002:00000188       __imp__callnewh            0000000140008188     ucrtd:ucrtbased.dll
 0002:00000190       __imp__configure_narrow_argv 0000000140008190     ucrtd:ucrtbased.dll
 0002:00000198       __imp__initialize_narrow_environment 0000000140008198     ucrtd:ucrtbased.dll
 0002:000001a0       __imp__initialize_onexit_table 00000001400081a0     ucrtd:ucrtbased.dll
 0002:000001a8       __imp__register_onexit_function 00000001400081a8     ucrtd:ucrtbased.dll
 0002:000001b0       __imp__crt_atexit          00000001400081b0     ucrtd:ucrtbased.dll
 0002:000001b8       __imp__cexit               00000001400081b8     ucrtd:ucrtbased.dll
 0002:000001c0       __imp__seh_filter_exe      00000001400081c0     ucrtd:ucrtbased.dll
 0002:000001c8       __imp__set_app_type        00000001400081c8     ucrtd:ucrtbased.dll
 0002:000001d0       __imp___setusermatherr     00000001400081d0     ucrtd:ucrtbased.dll
 0002:000001d8       __imp__get_initial_narrow_environment 00000001400081d8     ucrtd:ucrtbased.dll
 0002:000001e0       __imp__initterm            00000001400081e0     ucrtd:ucrtbased.dll
 0002:000001e8       __imp__initterm_e          00000001400081e8     ucrtd:ucrtbased.dll
 0002:000001f0       __imp_exit                 00000001400081f0     ucrtd:ucrtbased.dll
 0002:000001f8       __imp__exit                00000001400081f8     ucrtd:ucrtbased.dll
 0002:00000200       __imp__set_fmode           0000000140008200     ucrtd:ucrtbased.dll
 0002:00000208       __imp___p___argc           0000000140008208     ucrtd:ucrtbased.dll
 0002:00000210       __imp___p___argv           0000000140008210     ucrtd:ucrtbased.dll
 0002:00000218       __imp__c_exit              0000000140008218     ucrtd:ucrtbased.dll
 0002:00000220       __imp__register_thread_local_exe_atexit_callback 0000000140008220     ucrtd:ucrtbased.dll
 0002:00000228       __imp__configthreadlocale  0000000140008228     ucrtd:ucrtbased.dll
 0002:00000230       __imp__set_new_mode        0000000140008230     ucrtd:ucrtbased.dll
 0002:00000238       __imp___p__commode         0000000140008238     ucrtd:ucrtbased.dll
 0002:00000240       __imp__free_dbg            0000000140008240     ucrtd:ucrtbased.dll
 0002:00000248       __imp_terminate            0000000140008248     ucrtd:ucrtbased.dll
 0002:00000250       \177ucrtbased_NULL_THUNK_DATA 0000000140008250     ucrtd:ucrtbased.dll
 0002:00000258       __guard_check_icall_fptr   0000000140008258     MSVCRTD:guard_support.obj
 0002:00000260       __guard_dispatch_icall_fptr 0000000140008260     MSVCRTD:guard_support.obj
 0002:00000268       __xc_a                     0000000140008268     MSVCRTD:initializers.obj
 0002:00000280       __xc_z                     0000000140008280     MSVCRTD:initializers.obj
 0002:00000288       __xi_a                     0000000140008288     MSVCRTD:initializers.obj
 0002:000002a0       __xi_z                     00000001400082a0     MSVCRTD:initializers.obj
 0002:000002a8       __xp_a                     00000001400082a8     MSVCRTD:initializers.obj
 0002:000002b0       __xp_z                     00000001400082b0     MSVCRTD:initializers.obj
 0002:000002b8       __xt_a                     00000001400082b8     MSVCRTD:initializers.obj
 0002:000002c0       __xt_z                     00000001400082c0     MSVCRTD:initializers.obj
 0002:000002d8       ??_C@_0L@LHAGEBIK@?$DMassert?4h?$DO@ 00000001400082d8     easy_build.obj
 0002:000002e8       ??_C@_0M@OHMOFACM@?$DMcomplex?4h?$DO@ 00000001400082e8     easy_build.obj
 0002:000002f8       ??_C@_09EHKCOONI@?$DMctype?4h?$DO@ 00000001400082f8     easy_build.obj
 0002:00000308       ??_C@_09IDLMLBGF@?$DMerrno?4h?$DO@ 0000000140008308     easy_build.obj
 0002:00000318       ??_C@_08BNHJDAEE@?$DMfenv?4h?$DO@ 0000000140008318     easy_build.obj
 0002:00000328       ??_C@_09DDGPEHPB@?$DMfloat?4h?$DO@ 0000000140008328     easy_build.obj
 0002:00000338       ??_C@_0N@HGCMLGLL@?$DMinttypes?4h?$DO@ 0000000140008338     easy_build.obj
 0002:00000348       ??_C@_0L@GGMKDEGI@?$DMiso646?4h?$DO@ 0000000140008348     easy_build.obj
 0002:00000358       ??_C@_0L@LBPOHELF@?$DMlimits?4h?$DO@ 0000000140008358     easy_build.obj
 0002:00000368       ??_C@_0L@OEKELDLO@?$DMlocale?4h?$DO@ 0000000140008368     easy_build.obj
 0002:00000378       ??_C@_08MJMBAABP@?$DMmath?4h?$DO@ 0000000140008378     easy_build.obj
 0002:00000388       ??_C@_0L@LAAKEENK@?$DMsetjmp?4h?$DO@ 0000000140008388     easy_build.obj
 0002:00000398       ??_C@_0L@ICJHBPON@?$DMsignal?4h?$DO@ 0000000140008398     easy_build.obj
 0002:000003a8       ??_C@_0N@OAGLNNF@?$DMstdalign?4h?$DO@ 00000001400083a8     easy_build.obj
 0002:000003b8       ??_C@_0L@FFENIMOF@?$DMstdarg?4h?$DO@ 00000001400083b8     easy_build.obj
 0002:000003c8       ??_C@_0O@KJFNHEJI@?$DMstdatomic?4h?$DO@ 00000001400083c8     easy_build.obj
 0002:000003d8       ??_C@_0M@BFIGGEM@?$DMstdbool?4h?$DO@ 00000001400083d8     easy_build.obj
 0002:000003e8       ??_C@_0L@CEMGLINB@?$DMstddef?4h?$DO@ 00000001400083e8     easy_build.obj
 0002:000003f8       ??_C@_0L@DFPGONDA@?$DMstdint?4h?$DO@ 00000001400083f8     easy_build.obj
 0002:00000408       ??_C@_09IDACBKFF@?$DMstdio?4h?$DO@ 0000000140008408     easy_build.obj
 0002:00000418       ??_C@_0L@JFGLJAAN@?$DMstdlib?4h?$DO@ 0000000140008418     easy_build.obj
 0002:00000428       ??_C@_0BA@DIJPAOIM@?$DMstdnoreturn?4h?$DO@ 0000000140008428     easy_build.obj
 0002:00000438       ??_C@_0L@KIGCDIMO@?$DMstring?4h?$DO@ 0000000140008438     easy_build.obj
 0002:00000448       ??_C@_0L@GJJKIGMP@?$DMtgmath?4h?$DO@ 0000000140008448     easy_build.obj
 0002:00000458       ??_C@_0M@BIKGKLIG@?$DMthreads?4h?$DO@ 0000000140008458     easy_build.obj
 0002:00000468       ??_C@_08EFJDPDJK@?$DMtime?4h?$DO@ 0000000140008468     easy_build.obj
 0002:00000478       ??_C@_09DFOFOAMH@?$DMuchar?4h?$DO@ 0000000140008478     easy_build.obj
 0002:00000488       ??_C@_09BLBDMIEB@?$DMwchar?4h?$DO@ 0000000140008488     easy_build.obj
 0002:00000498       ??_C@_0L@ILIFBCMO@?$DMwctype?4h?$DO@ 0000000140008498     easy_build.obj
 0002:000004a8       ??_C@_0M@DNKFBMCK@?$DMwindows?4h?$DO@ 00000001400084a8     easy_build.obj
 0002:000004b8       ??_C@_0L@JKAOIEGM@?$DMxinput?4h?$DO@ 00000001400084b8     easy_build.obj
 0002:000004c8       ??_C@_09EJOLKGNN@?$DMpsapi?4h?$DO@ 00000001400084c8     easy_build.obj
 0002:000004d8       ??_C@_0L@JBBGHAG@?$DMdsound?4h?$DO@ 00000001400084d8     easy_build.obj
 0002:00000a60       ??_C@_0BB@FCMFBGOM@invalid?5argument@ 0000000140008a60     easy_build.obj
 0002:00000a74       ??_C@_02DKCKIIND@?$CFs@    0000000140008a74     easy_build.obj
 0002:00000a78       ??_C@_1CG@JNLFBNGN@?$AA?$CC?$AAi?$AAn?$AAv?$AAa?$AAl?$AAi?$AAd?$AA?5?$AAa?$AAr?$AAg?$AAu?$AAm?$AAe@ 0000000140008a78     easy_build.obj
 0002:00000aa0       ??_C@_0BJ@LFDBABJJ@ITERATOR?5LIST?5CORRUPTED?$CB@ 0000000140008aa0     easy_build.obj
 0002:00000ac0       ??_C@_0GJ@DMCEMOMH@c?3?2program?5files?5?$CIx86?$CJ?2microsof@ 0000000140008ac0     easy_build.obj
 0002:00000b30       ??_C@_1NC@HPHBFJCM@?$AAc?$AA?3?$AA?2?$AAp?$AAr?$AAo?$AAg?$AAr?$AAa?$AAm?$AA?5?$AAf?$AAi?$AAl?$AAe@ 0000000140008b30     easy_build.obj
 0002:00000c10       ??_C@_1EE@KLDMFDFL@?$AAs?$AAt?$AAd?$AA?3?$AA?3?$AA_?$AAI?$AAt?$AAe?$AAr?$AAa?$AAt?$AAo?$AAr?$AA_@ 0000000140008c10     easy_build.obj
 0002:00000c58       ??_C@_1DG@PLBPCAEM@?$AA?$CC?$AAI?$AAT?$AAE?$AAR?$AAA?$AAT?$AAO?$AAR?$AA?5?$AAL?$AAI?$AAS?$AAT?$AA?5@ 0000000140008c58     easy_build.obj
 0002:00000c90       ??_C@_0GJ@CAJJPMGE@c?3?2program?5files?5?$CIx86?$CJ?2microsof@ 0000000140008c90     easy_build.obj
 0002:00000d00       ??_C@_1NC@ICJKIMIP@?$AAc?$AA?3?$AA?2?$AAp?$AAr?$AAo?$AAg?$AAr?$AAa?$AAm?$AA?5?$AAf?$AAi?$AAl?$AAe@ 0000000140008d00     easy_build.obj
 0002:00000de0       ??_C@_1EK@NIFDJFDG@?$AAs?$AAt?$AAd?$AA?3?$AA?3?$AA_?$AAA?$AAd?$AAj?$AAu?$AAs?$AAt?$AA_?$AAm?$AAa@ 0000000140008de0     easy_build.obj
 0002:00000e2c       ??_C@_02JDPG@rb@           0000000140008e2c     easy_build.obj
 0002:00000e30       ??_C@_09HGHGFAHB@?$CFs?5?$CFs?5?$CFd?6@ 0000000140008e30     easy_build.obj
 0002:00000e3c       ??_C@_02GMLFBBN@wb@        0000000140008e3c     easy_build.obj
 0002:00000e40       ??_C@_0BN@INMCAIMB@w?3?2easy_build?2easy_build?4cpp@ 0000000140008e40     easy_build.obj
 0002:00000e60       ??_C@_0BC@HBKKPPKM@CreateFile?5failed@ 0000000140008e60     easy_build.obj
 0002:00000e74       ??_C@_01KICIPPFI@?2@       0000000140008e74     easy_build.obj
 0002:00000e78       ??_C@_01KMDKNFGN@?1@       0000000140008e78     easy_build.obj
 0002:00000e80       ??_C@_07FHOHOHLG@include@  0000000140008e80     easy_build.obj
 0002:00000e90       ??_C@_0JA@FMBPCFLA@No?5CPP?5file?5passed?4?6Usage?5is?5as@ 0000000140008e90     easy_build.obj
 0002:00000f20       ??_C@_0BO@PFKOHNJC@vector?5subscript?5out?5of?5range@ 0000000140008f20     easy_build.obj
 0002:00000f40       ??_C@_0GH@PHBFPDPI@c?3?2program?5files?5?$CIx86?$CJ?2microsof@ 0000000140008f40     easy_build.obj
 0002:00000fb0       ??_C@_1MO@GGNBFPEH@?$AAc?$AA?3?$AA?2?$AAp?$AAr?$AAo?$AAg?$AAr?$AAa?$AAm?$AA?5?$AAf?$AAi?$AAl?$AAe@ 0000000140008fb0     easy_build.obj
 0002:00001080       ??_C@_1HO@BOCPGDGE@?$AAs?$AAt?$AAd?$AA?3?$AA?3?$AAv?$AAe?$AAc?$AAt?$AAo?$AAr?$AA?$DM?$AAc?$AAh?$AAa@ 0000000140009080     easy_build.obj
 0002:00001100       ??_C@_1EA@LEKOKFNB@?$AA?$CC?$AAv?$AAe?$AAc?$AAt?$AAo?$AAr?$AA?5?$AAs?$AAu?$AAb?$AAs?$AAc?$AAr?$AAi@ 0000000140009100     easy_build.obj
 0002:00001140       ??_C@_1KK@ILCNPNIE@?$AAs?$AAt?$AAd?$AA?3?$AA?3?$AAv?$AAe?$AAc?$AAt?$AAo?$AAr?$AA?$DM?$AAs?$AAt?$AAr@ 0000000140009140     easy_build.obj
 0002:000011f0       ??_C@_0BM@BALDKKHE@list?5iterators?5incompatible@ 00000001400091f0     easy_build.obj
 0002:00001210       ??_C@_0GF@CDIONFB@c?3?2program?5files?5?$CIx86?$CJ?2microsof@ 0000000140009210     easy_build.obj
 0002:00001280       ??_C@_1MK@MDLCPFJD@?$AAc?$AA?3?$AA?2?$AAp?$AAr?$AAo?$AAg?$AAr?$AAa?$AAm?$AA?5?$AAf?$AAi?$AAl?$AAe@ 0000000140009280     easy_build.obj
 0002:00001350       ??_C@_1BCA@CHINEFII@?$AAs?$AAt?$AAd?$AA?3?$AA?3?$AA_?$AAL?$AAi?$AAs?$AAt?$AA_?$AAc?$AAo?$AAn?$AAs@ 0000000140009350     easy_build.obj
 0002:00001470       ??_C@_1DM@KDLJAKOP@?$AA?$CC?$AAl?$AAi?$AAs?$AAt?$AA?5?$AAi?$AAt?$AAe?$AAr?$AAa?$AAt?$AAo?$AAr?$AAs@ 0000000140009470     easy_build.obj
 0002:000014b0       ??_C@_0BD@OLBABOEK@vector?$DMT?$DO?5too?5long@ 00000001400094b0     easy_build.obj
 0002:000014c8       ??_C@_0DD@MBIHGLJE@cannot?5dereference?5value?9initia@ 00000001400094c8     easy_build.obj
 0002:00001500       ??_C@_1BBO@MGJKKJEE@?$AAs?$AAt?$AAd?$AA?3?$AA?3?$AA_?$AAL?$AAi?$AAs?$AAt?$AA_?$AAc?$AAo?$AAn?$AAs@ 0000000140009500     easy_build.obj
 0002:00001620       ??_C@_1GK@NKIMOCIG@?$AA?$CC?$AAc?$AAa?$AAn?$AAn?$AAo?$AAt?$AA?5?$AAd?$AAe?$AAr?$AAe?$AAf?$AAe?$AAr@ 0000000140009620     easy_build.obj
 0002:00001690       ??_C@_0CF@JCBFHMPL@cannot?5dereference?5end?5list?5ite@ 0000000140009690     easy_build.obj
 0002:000016c0       ??_C@_1EO@CNEFBDCF@?$AA?$CC?$AAc?$AAa?$AAn?$AAn?$AAo?$AAt?$AA?5?$AAd?$AAe?$AAr?$AAe?$AAf?$AAe?$AAr@ 00000001400096c0     easy_build.obj
 0002:00001710       ??_C@_1CJI@EPJGGNMI@?$AAs?$AAt?$AAd?$AA?3?$AA?3?$AAv?$AAe?$AAc?$AAt?$AAo?$AAr?$AA?$DM?$AAc?$AAl?$AAa@ 0000000140009710     easy_build.obj
 0002:000019b0       ??_C@_1EO@GFNCMDLA@?$AAs?$AAt?$AAd?$AA?3?$AA?3?$AA_?$AAA?$AAl?$AAl?$AAo?$AAc?$AAa?$AAt?$AAe?$AA_@ 00000001400099b0     easy_build.obj
 0002:00001a00       ??_C@_0CC@KEJJOMBH@list?5erase?5iterator?5outside?5ran@ 0000000140009a00     easy_build.obj
 0002:00001a30       ??_C@_1BBM@MKKPPOOD@?$AAs?$AAt?$AAd?$AA?3?$AA?3?$AAl?$AAi?$AAs?$AAt?$AA?$DM?$AAs?$AAt?$AAr?$AAu?$AAc@ 0000000140009a30     easy_build.obj
 0002:00001b50       ??_C@_1EI@FHIDKIBN@?$AA?$CC?$AAl?$AAi?$AAs?$AAt?$AA?5?$AAe?$AAr?$AAa?$AAs?$AAe?$AA?5?$AAi?$AAt?$AAe@ 0000000140009b50     easy_build.obj
 0002:00001b98       ??_C@_0DB@ENBCPNKO@cannot?5increment?5value?9initiali@ 0000000140009b98     easy_build.obj
 0002:00001bd0       ??_C@_1BCA@IHHAKMEN@?$AAs?$AAt?$AAd?$AA?3?$AA?3?$AA_?$AAL?$AAi?$AAs?$AAt?$AA_?$AAc?$AAo?$AAn?$AAs@ 0000000140009bd0     easy_build.obj
 0002:00001cf0       ??_C@_1GG@JLMAGPNK@?$AA?$CC?$AAc?$AAa?$AAn?$AAn?$AAo?$AAt?$AA?5?$AAi?$AAn?$AAc?$AAr?$AAe?$AAm?$AAe@ 0000000140009cf0     easy_build.obj
 0002:00001d58       ??_C@_0CD@PMFMCEG@cannot?5increment?5end?5list?5itera@ 0000000140009d58     easy_build.obj
 0002:00001d80       ??_C@_1EK@OKKCFDJN@?$AA?$CC?$AAc?$AAa?$AAn?$AAn?$AAo?$AAt?$AA?5?$AAi?$AAn?$AAc?$AAr?$AAe?$AAm?$AAe@ 0000000140009d80     easy_build.obj
 0002:00001dd0       ??_C@_0BB@MOGOBHAF@list?$DMT?$DO?5too?5long@ 0000000140009dd0     easy_build.obj
 0002:00001de4       __real@3f800000            0000000140009de4     easy_build.obj
 0002:00001de8       __real@5f800000            0000000140009de8     easy_build.obj
 0002:00001df8       ??_7exception@std@@6B@     0000000140009df8     MSVCRTD:throw_bad_alloc.obj
 0002:00001e08       ??_C@_0BC@EOODALEL@Unknown?5exception@ 0000000140009e08     MSVCRTD:throw_bad_alloc.obj
 0002:00001e28       ??_7bad_alloc@std@@6B@     0000000140009e28     MSVCRTD:throw_bad_alloc.obj
 0002:00001e38       ??_C@_0P@GHFPNOJB@bad?5allocation@ 0000000140009e38     MSVCRTD:throw_bad_alloc.obj
 0002:00001e50       ??_7bad_array_new_length@std@@6B@ 0000000140009e50     MSVCRTD:throw_bad_alloc.obj
 0002:00001e60       ??_C@_0BF@KINCDENJ@bad?5array?5new?5length@ 0000000140009e60     MSVCRTD:throw_bad_alloc.obj
 0002:00001e90       ??_7type_info@@6B@         0000000140009e90     MSVCRTD:std_type_info_static.obj
 0002:00001ee0       _load_config_used          0000000140009ee0     MSVCRTD:loadcfg.obj
 0002:00001fe0       ??_R4exception@std@@6B@    0000000140009fe0     MSVCRTD:throw_bad_alloc.obj
 0002:00002008       ??_R3exception@std@@8      000000014000a008     MSVCRTD:throw_bad_alloc.obj
 0002:00002020       ??_R2exception@std@@8      000000014000a020     MSVCRTD:throw_bad_alloc.obj
 0002:00002030       ??_R1A@?0A@EA@exception@std@@8 000000014000a030     MSVCRTD:throw_bad_alloc.obj
 0002:00002058       ??_R4bad_alloc@std@@6B@    000000014000a058     MSVCRTD:throw_bad_alloc.obj
 0002:00002080       ??_R3bad_alloc@std@@8      000000014000a080     MSVCRTD:throw_bad_alloc.obj
 0002:00002098       ??_R2bad_alloc@std@@8      000000014000a098     MSVCRTD:throw_bad_alloc.obj
 0002:000020b0       ??_R1A@?0A@EA@bad_alloc@std@@8 000000014000a0b0     MSVCRTD:throw_bad_alloc.obj
 0002:000020d8       ??_R4bad_array_new_length@std@@6B@ 000000014000a0d8     MSVCRTD:throw_bad_alloc.obj
 0002:00002100       ??_R3bad_array_new_length@std@@8 000000014000a100     MSVCRTD:throw_bad_alloc.obj
 0002:00002118       ??_R2bad_array_new_length@std@@8 000000014000a118     MSVCRTD:throw_bad_alloc.obj
 0002:00002138       ??_R1A@?0A@EA@bad_array_new_length@std@@8 000000014000a138     MSVCRTD:throw_bad_alloc.obj
 0002:00002160       ??_R4type_info@@6B@        000000014000a160     MSVCRTD:std_type_info_static.obj
 0002:00002188       ??_R3type_info@@8          000000014000a188     MSVCRTD:std_type_info_static.obj
 0002:000021a0       ??_R2type_info@@8          000000014000a1a0     MSVCRTD:std_type_info_static.obj
 0002:000021b0       ??_R1A@?0A@EA@type_info@@8 000000014000a1b0     MSVCRTD:std_type_info_static.obj
 0002:000024c8       __rtc_iaa                  000000014000a4c8     MSVCRTD:_initsect_.obj
 0002:000024d0       __rtc_izz                  000000014000a4d0     MSVCRTD:_initsect_.obj
 0002:000024d8       __rtc_taa                  000000014000a4d8     MSVCRTD:_initsect_.obj
 0002:000024e0       __rtc_tzz                  000000014000a4e0     MSVCRTD:_initsect_.obj
 0002:00003678       _TI2?AVbad_alloc@std@@     000000014000b678     MSVCRTD:throw_bad_alloc.obj
 0002:00003698       _CTA2?AVbad_alloc@std@@    000000014000b698     MSVCRTD:throw_bad_alloc.obj
 0002:000036b0       _CT??_R0?AVbad_alloc@std@@@8??0bad_alloc@std@@QEAA@AEBV01@@Z24 000000014000b6b0     MSVCRTD:throw_bad_alloc.obj
 0002:000036d8       _CT??_R0?AVexception@std@@@8??0exception@std@@QEAA@AEBV01@@Z24 000000014000b6d8     MSVCRTD:throw_bad_alloc.obj
 0002:00003700       _TI3?AVbad_array_new_length@std@@ 000000014000b700     MSVCRTD:throw_bad_alloc.obj
 0002:00003720       _CTA3?AVbad_array_new_length@std@@ 000000014000b720     MSVCRTD:throw_bad_alloc.obj
 0002:00003740       _CT??_R0?AVbad_array_new_length@std@@@8??0bad_array_new_length@std@@QEAA@AEBV01@@Z24 000000014000b740     MSVCRTD:throw_bad_alloc.obj
 0002:00003764       __IMPORT_DESCRIPTOR_MSVCP140D 000000014000b764     msvcprtd:MSVCP140D.dll
 0002:00003778       __IMPORT_DESCRIPTOR_KERNEL32 000000014000b778     kernel32:KERNEL32.dll
 0002:0000378c       __IMPORT_DESCRIPTOR_VCRUNTIME140D 000000014000b78c     vcruntimed:VCRUNTIME140D.dll
 0002:000037a0       __IMPORT_DESCRIPTOR_ucrtbased 000000014000b7a0     ucrtd:ucrtbased.dll
 0002:000037b4       __NULL_IMPORT_DESCRIPTOR   000000014000b7b4     msvcprtd:MSVCP140D.dll
 0003:00000000       ?stdlib_filenames@@3PAPEADA 000000014000c000     easy_build.obj
 0003:00000108       __scrt_native_dllmain_reason 000000014000c108     MSVCRTD:utility.obj
 0003:00000110       __security_cookie_complement 000000014000c110     MSVCRTD:gs_cookie.obj
 0003:00000118       __security_cookie          000000014000c118     MSVCRTD:gs_cookie.obj
 0003:00000120       _fltused                   000000014000c120     MSVCRTD:fltused.obj
 0003:00000128       __isa_available            000000014000c128     MSVCRTD:_cpu_disp_.obj
 0003:0000012c       __isa_enabled              000000014000c12c     MSVCRTD:_cpu_disp_.obj
 0003:00000130       __memcpy_nt_iters          000000014000c130     MSVCRTD:_cpu_disp_.obj
 0003:00000138       __scrt_default_matherr     000000014000c138     MSVCRTD:matherr.obj
 0003:00000140       __scrt_ucrt_dll_is_in_use  000000014000c140     MSVCRTD:ucrt_stubs.obj
 0003:00000148       ??_R0?AVbad_alloc@std@@@8  000000014000c148     MSVCRTD:throw_bad_alloc.obj
 0003:00000170       ??_R0?AVexception@std@@@8  000000014000c170     MSVCRTD:throw_bad_alloc.obj
 0003:00000198       ??_R0?AVbad_array_new_length@std@@@8 000000014000c198     MSVCRTD:throw_bad_alloc.obj
 0003:000001c8       ??_R0?AVtype_info@@@8      000000014000c1c8     MSVCRTD:std_type_info_static.obj
 0003:000001f0       ?_OptionsStorage@?1??__local_stdio_printf_options@@9@4_KA 000000014000c1f0     easy_build.obj
 0003:00000200       ?already_checked_map@@3V?$unordered_map@Ulen_string@@HU?$hash@Ulen_string@@@std@@U?$equal_to@Ulen_string@@@3@V?$allocator@U?$pair@$$CBUlen_string@@H@std@@@3@@std@@A 000000014000c200     easy_build.obj
 0003:00000250       __scrt_current_native_startup_state 000000014000c250     MSVCRTD:utility.obj
 0003:00000258       __scrt_native_startup_lock 000000014000c258     MSVCRTD:utility.obj
 0003:00000298       __favor                    000000014000c298     MSVCRTD:_cpu_disp_.obj
 0003:0000029c       __scrt_debugger_hook_flag  000000014000c29c     MSVCRTD:utility_desktop.obj
 0003:00000810       ?__type_info_root_node@@3U__type_info_node@@A 000000014000c810     MSVCRTD:tncleanup.obj
 0003:00000820       ?_OptionsStorage@?1??__local_stdio_scanf_options@@9@4_KA 000000014000c820     MSVCRTD:default_local_stdio_options.obj
 0003:00000828       __dyn_tls_dtor_callback    000000014000c828     <common>
 0003:00000830       __dyn_tls_init_callback    000000014000c830     <common>

 entry point at        0001:00005150

 Static symbols

 0000:ffff1000       .debug$S                   0000000140000000     kernel32:KERNEL32.dll
 0000:ffff1000       .debug$S                   0000000140000000     ucrtd:ucrtbased.dll
 0000:ffff1000       .debug$S                   0000000140000000     ucrtd:ucrtbased.dll
 0000:ffff1000       .debug$S                   0000000140000000     ucrtd:ucrtbased.dll
 0000:ffff1000       .debug$S                   0000000140000000     ucrtd:ucrtbased.dll
 0000:ffff1000       .debug$S                   0000000140000000     ucrtd:ucrtbased.dll
 0000:ffff1000       .debug$S                   0000000140000000     ucrtd:ucrtbased.dll
 0000:ffff1000       .debug$S                   0000000140000000     ucrtd:ucrtbased.dll
 0000:ffff1000       .debug$S                   0000000140000000     ucrtd:ucrtbased.dll
 0000:ffff1000       .debug$S                   0000000140000000     ucrtd:ucrtbased.dll
 0000:ffff1000       .debug$S                   0000000140000000     ucrtd:ucrtbased.dll
 0000:ffff1000       .debug$S                   0000000140000000     ucrtd:ucrtbased.dll
 0000:ffff1000       .debug$S                   0000000140000000     ucrtd:ucrtbased.dll
 0000:ffff1000       .debug$S                   0000000140000000     ucrtd:ucrtbased.dll
 0000:ffff1000       .debug$S                   0000000140000000     ucrtd:ucrtbased.dll
 0000:ffff1000       .debug$S                   0000000140000000     ucrtd:ucrtbased.dll
 0000:ffff1000       .debug$S                   0000000140000000     ucrtd:ucrtbased.dll
 0000:ffff1000       .debug$S                   0000000140000000     ucrtd:ucrtbased.dll
 0000:ffff1000       .debug$S                   0000000140000000     ucrtd:ucrtbased.dll
 0000:ffff1000       .debug$S                   0000000140000000     ucrtd:ucrtbased.dll
 0000:ffff1000       .debug$S                   0000000140000000     ucrtd:ucrtbased.dll
 0000:ffff1000       .debug$S                   0000000140000000     ucrtd:ucrtbased.dll
 0000:ffff1000       .debug$S                   0000000140000000     ucrtd:ucrtbased.dll
 0000:ffff1000       .debug$S                   0000000140000000     ucrtd:ucrtbased.dll
 0000:ffff1000       .debug$S                   0000000140000000     ucrtd:ucrtbased.dll
 0000:ffff1000       .debug$S                   0000000140000000     ucrtd:ucrtbased.dll
 0000:ffff1000       .debug$S                   0000000140000000     ucrtd:ucrtbased.dll
 0000:ffff1000       .debug$S                   0000000140000000     ucrtd:ucrtbased.dll
 0000:ffff1000       .debug$S                   0000000140000000     ucrtd:ucrtbased.dll
 0000:ffff1000       .debug$S                   0000000140000000     ucrtd:ucrtbased.dll
 0000:ffff1000       .debug$S                   0000000140000000     ucrtd:ucrtbased.dll
 0000:ffff1000       .debug$S                   0000000140000000     ucrtd:ucrtbased.dll
 0000:ffff1000       .debug$S                   0000000140000000     ucrtd:ucrtbased.dll
 0000:ffff1000       .debug$S                   0000000140000000     ucrtd:ucrtbased.dll
 0000:ffff1000       .debug$S                   0000000140000000     ucrtd:ucrtbased.dll
 0000:ffff1000       .debug$S                   0000000140000000     ucrtd:ucrtbased.dll
 0000:ffff1000       .debug$S                   0000000140000000     ucrtd:ucrtbased.dll
 0000:ffff1000       .debug$S                   0000000140000000     ucrtd:ucrtbased.dll
 0000:ffff1000       .debug$S                   0000000140000000     ucrtd:ucrtbased.dll
 0000:ffff1000       .debug$S                   0000000140000000     ucrtd:ucrtbased.dll
 0000:ffff1000       .debug$S                   0000000140000000     ucrtd:ucrtbased.dll
 0000:ffff1000       .debug$S                   0000000140000000     ucrtd:ucrtbased.dll
 0000:ffff1000       .debug$S                   0000000140000000     ucrtd:ucrtbased.dll
 0000:ffff1000       .debug$S                   0000000140000000     ucrtd:ucrtbased.dll
 0000:ffff1000       .debug$S                   0000000140000000     msvcprtd:MSVCP140D.dll
 0000:ffff1000       .debug$S                   0000000140000000     vcruntimed:VCRUNTIME140D.dll
 0000:ffff1000       .debug$S                   0000000140000000     vcruntimed:VCRUNTIME140D.dll
 0000:ffff1000       .debug$S                   0000000140000000     vcruntimed:VCRUNTIME140D.dll
 0000:ffff1000       .debug$S                   0000000140000000     vcruntimed:VCRUNTIME140D.dll
 0000:ffff1000       .debug$S                   0000000140000000     vcruntimed:VCRUNTIME140D.dll
 0000:ffff1000       .debug$S                   0000000140000000     vcruntimed:VCRUNTIME140D.dll
 0000:ffff1000       .debug$S                   0000000140000000     vcruntimed:VCRUNTIME140D.dll
 0000:ffff1000       .debug$S                   0000000140000000     vcruntimed:VCRUNTIME140D.dll
 0000:ffff1000       .debug$S                   0000000140000000     vcruntimed:VCRUNTIME140D.dll
 0000:ffff1000       .debug$S                   0000000140000000     vcruntimed:VCRUNTIME140D.dll
 0000:ffff1000       .debug$S                   0000000140000000     msvcprtd:MSVCP140D.dll
 0000:ffff1000       .debug$S                   0000000140000000     kernel32:KERNEL32.dll
 0000:ffff1000       .debug$S                   0000000140000000     kernel32:KERNEL32.dll
 0000:ffff1000       .debug$S                   0000000140000000     kernel32:KERNEL32.dll
 0000:ffff1000       .debug$S                   0000000140000000     kernel32:KERNEL32.dll
 0000:ffff1000       .debug$S                   0000000140000000     kernel32:KERNEL32.dll
 0000:ffff1000       .debug$S                   0000000140000000     kernel32:KERNEL32.dll
 0000:ffff1000       .debug$S                   0000000140000000     kernel32:KERNEL32.dll
 0000:ffff1000       .debug$S                   0000000140000000     kernel32:KERNEL32.dll
 0000:ffff1000       .debug$S                   0000000140000000     kernel32:KERNEL32.dll
 0000:ffff1000       .debug$S                   0000000140000000     kernel32:KERNEL32.dll
 0000:ffff1000       .debug$S                   0000000140000000     kernel32:KERNEL32.dll
 0000:ffff1000       .debug$S                   0000000140000000     kernel32:KERNEL32.dll
 0000:ffff1000       .debug$S                   0000000140000000     kernel32:KERNEL32.dll
 0000:ffff1000       .debug$S                   0000000140000000     kernel32:KERNEL32.dll
 0000:ffff1000       .debug$S                   0000000140000000     kernel32:KERNEL32.dll
 0000:ffff1000       .debug$S                   0000000140000000     kernel32:KERNEL32.dll
 0000:ffff1000       .debug$S                   0000000140000000     kernel32:KERNEL32.dll
 0000:ffff1000       .debug$S                   0000000140000000     kernel32:KERNEL32.dll
 0000:ffff1000       .debug$S                   0000000140000000     kernel32:KERNEL32.dll
 0000:ffff1000       .debug$S                   0000000140000000     msvcprtd:MSVCP140D.dll
 0001:00000000       ??__Ealready_checked_map@@YAXXZ 0000000140001000 f   easy_build.obj
 0001:000022b0       ?append_to_len_string@@YAXPEAUlen_string@@PEAD@Z 00000001400032b0 f   easy_build.obj
 0001:00002360       ?check_directory_for_file@@YAIPEADUlen_string@@PEAU1@@Z 0000000140003360 f   easy_build.obj
 0001:00003d90       ?should_compile_recursive@@YAIPEADAEBV?$vector@PEADV?$allocator@PEAD@std@@@std@@AEBUlen_string@@@Z 0000000140004d90 f   easy_build.obj
 0001:000040d0       ?write_file_build_info@@YAXUfile_build_info@@PEAD@Z 00000001400050d0 f   easy_build.obj
 0001:000046b0       ?find_pe_section@@YAPEAU_IMAGE_SECTION_HEADER@@QEAE_K@Z 00000001400056b0 f   MSVCRTD:utility.obj
 0001:00004790       ?is_potentially_valid_image_base@@YA_NQEAX@Z 0000000140005790 f   MSVCRTD:utility.obj
 0001:00004dc0       $$000000                   0000000140005dc0     MSVCRTD:_amdsecgs_.obj
 0001:00004e00       ?pre_c_initialization@@YAHXZ 0000000140005e00 f   MSVCRTD:exe_main.obj
 0001:00004ec0       ?post_pgo_initialization@@YAHXZ 0000000140005ec0 f   MSVCRTD:exe_main.obj
 0001:00004ed0       ?pre_cpp_initialization@@YAXXZ 0000000140005ed0 f   MSVCRTD:exe_main.obj
 0001:00004ef0       ?__scrt_common_main@@YAHXZ 0000000140005ef0 f   MSVCRTD:exe_main.obj
 0001:00004f10       ?__scrt_common_main_seh@@YAHXZ 0000000140005f10 f   MSVCRTD:exe_main.obj
 0001:000050b0       ?invoke_main@@YAHXZ        00000001400060b0 f   MSVCRTD:exe_main.obj
 0001:00005d50       capture_previous_context   0000000140006d50 f   MSVCRTD:gs_report.obj
 0001:00005e10       __get_entropy              0000000140006e10 f   MSVCRTD:gs_support.obj
 0001:000062a0       $$000000                   00000001400072a0     MSVCRTD:_guard_dispatch_.obj
 0001:000062c0       ?catch$0@?0???$?0AEBV?$allocator@U?$pair@$$CBUlen_string@@H@std@@@std@@X@?$_List_alloc@U?$_List_base_types@U?$pair@$$CBUlen_string@@H@std@@V?$allocator@U?$pair@$$CBUlen_string@@H@std@@@2@@std@@@std@@QEAA@AEBV?$allocator@U?$pair@$$CBUlen_string@@H@std@@@1@@Z@4HA 00000001400072c0 f   easy_build.obj
 0001:000062ce       __catch$??$?0AEBV?$allocator@U?$pair@$$CBUlen_string@@H@std@@@std@@X@?$_List_alloc@U?$_List_base_types@U?$pair@$$CBUlen_string@@H@std@@V?$allocator@U?$pair@$$CBUlen_string@@H@std@@@2@@std@@@std@@QEAA@AEBV?$allocator@U?$pair@$$CBUlen_string@@H@std@@@1@@Z$0 00000001400072ce f   easy_build.obj
 0001:000062f0       ?catch$0@?0???$_Buynode@AEBUpiecewise_construct_t@std@@V?$tuple@AEBUlen_string@@@2@V?$tuple@$$V@2@@?$_List_buy@U?$pair@$$CBUlen_string@@H@std@@V?$allocator@U?$pair@$$CBUlen_string@@H@std@@@2@@std@@QEAAPEAU?$_List_node@U?$pair@$$CBUlen_string@@H@std@@PEAX@1@PEAU21@0AEBUpiecewise_construct_t@1@$$QEAV?$tuple@AEBUlen_string@@@1@$$QEAV?$tuple@$$V@1@@Z@4HA 00000001400072f0 f   easy_build.obj
 0001:000062fd       __catch$??$_Buynode@AEBUpiecewise_construct_t@std@@V?$tuple@AEBUlen_string@@@2@V?$tuple@$$V@2@@?$_List_buy@U?$pair@$$CBUlen_string@@H@std@@V?$allocator@U?$pair@$$CBUlen_string@@H@std@@@2@@std@@QEAAPEAU?$_List_node@U?$pair@$$CBUlen_string@@H@std@@PEAX@1@PEAU21@0AEBUpiecewise_construct_t@1@$$QEAV?$tuple@AEBUlen_string@@@1@$$QEAV?$tuple@$$V@1@@Z$0 00000001400072fd f   easy_build.obj
 0001:00006320       ?catch$0@?0???$_Buynode@U?$pair@$$CBUlen_string@@H@std@@@?$_List_buy@U?$pair@$$CBUlen_string@@H@std@@V?$allocator@U?$pair@$$CBUlen_string@@H@std@@@2@@std@@QEAAPEAU?$_List_node@U?$pair@$$CBUlen_string@@H@std@@PEAX@1@PEAU21@0$$QEAU?$pair@$$CBUlen_string@@H@1@@Z@4HA 0000000140007320 f   easy_build.obj
 0001:0000632d       __catch$??$_Buynode@U?$pair@$$CBUlen_string@@H@std@@@?$_List_buy@U?$pair@$$CBUlen_string@@H@std@@V?$allocator@U?$pair@$$CBUlen_string@@H@std@@@2@@std@@QEAAPEAU?$_List_node@U?$pair@$$CBUlen_string@@H@std@@PEAX@1@PEAU21@0$$QEAU?$pair@$$CBUlen_string@@H@1@@Z$0 000000014000732d f   easy_build.obj
 0001:00006350       ?catch$0@?0???$_Emplace_reallocate@AEBQEAD@?$vector@PEADV?$allocator@PEAD@std@@@std@@QEAAPEAPEADQEAPEADAEBQEAD@Z@4HA 0000000140007350 f   easy_build.obj
 0001:0000635d       __catch$??$_Emplace_reallocate@AEBQEAD@?$vector@PEADV?$allocator@PEAD@std@@@std@@QEAAPEAPEADQEAPEADAEBQEAD@Z$0 000000014000735d f   easy_build.obj
 0001:00006380       ?catch$0@?0???$_Emplace_reallocate@AEBUlen_string@@@?$vector@Ulen_string@@V?$allocator@Ulen_string@@@std@@@std@@QEAAPEAUlen_string@@QEAU2@AEBU2@@Z@4HA 0000000140007380 f   easy_build.obj
 0001:0000638d       __catch$??$_Emplace_reallocate@AEBUlen_string@@@?$vector@Ulen_string@@V?$allocator@Ulen_string@@@std@@@std@@QEAAPEAUlen_string@@QEAU2@AEBU2@@Z$0 000000014000738d f   easy_build.obj
 0001:000063b0       ?catch$0@?0???$_Emplace_reallocate@Ulen_string@@@?$vector@Ulen_string@@V?$allocator@Ulen_string@@@std@@@std@@QEAAPEAUlen_string@@QEAU2@$$QEAU2@@Z@4HA 00000001400073b0 f   easy_build.obj
 0001:000063bd       __catch$??$_Emplace_reallocate@Ulen_string@@@?$vector@Ulen_string@@V?$allocator@Ulen_string@@@std@@@std@@QEAAPEAUlen_string@@QEAU2@$$QEAU2@@Z$0 00000001400073bd f   easy_build.obj
 0001:000063e0       ?catch$36@?0???$_Insert@AEAU?$pair@$$CBUlen_string@@H@std@@V?$_List_unchecked_iterator@V?$_List_val@U?$_List_simple_types@U?$pair@$$CBUlen_string@@H@std@@@std@@@std@@@2@@?$_Hash@V?$_Umap_traits@Ulen_string@@HV?$_Uhash_compare@Ulen_string@@U?$hash@Ulen_string@@@std@@U?$equal_to@Ulen_string@@@3@@std@@V?$allocator@U?$pair@$$CBUlen_string@@H@std@@@3@$0A@@std@@@std@@IEAA?AU?$pair@V?$_List_iterator@V?$_List_val@U?$_List_simple_types@U?$pair@$$CBUlen_string@@H@std@@@std@@@std@@@std@@_N@1@AEAU?$pair@$$CBUlen_string@@H@1@V?$_List_unchecked_iterator@V?$_List_val@U?$_List_simple_types@U?$pair@$$CBUlen_string@@H@std@@@std@@@std@@@1@@Z@4HA 00000001400073e0 f   easy_build.obj
 0001:000063ed       __catch$??$_Insert@AEAU?$pair@$$CBUlen_string@@H@std@@V?$_List_unchecked_iterator@V?$_List_val@U?$_List_simple_types@U?$pair@$$CBUlen_string@@H@std@@@std@@@std@@@2@@?$_Hash@V?$_Umap_traits@Ulen_string@@HV?$_Uhash_compare@Ulen_string@@U?$hash@Ulen_string@@@std@@U?$equal_to@Ulen_string@@@3@@std@@V?$allocator@U?$pair@$$CBUlen_string@@H@std@@@3@$0A@@std@@@std@@IEAA?AU?$pair@V?$_List_iterator@V?$_List_val@U?$_List_simple_types@U?$pair@$$CBUlen_string@@H@std@@@std@@@std@@@std@@_N@1@AEAU?$pair@$$CBUlen_string@@H@1@V?$_List_unchecked_iterator@V?$_List_val@U?$_List_simple_types@U?$pair@$$CBUlen_string@@H@std@@@std@@@std@@@1@@Z$0 00000001400073ed f   easy_build.obj
 0001:0000640a       ?catch$35@?0???$_Insert@AEAU?$pair@$$CBUlen_string@@H@std@@V?$_List_unchecked_iterator@V?$_List_val@U?$_List_simple_types@U?$pair@$$CBUlen_string@@H@std@@@std@@@std@@@2@@?$_Hash@V?$_Umap_traits@Ulen_string@@HV?$_Uhash_compare@Ulen_string@@U?$hash@Ulen_string@@@std@@U?$equal_to@Ulen_string@@@3@@std@@V?$allocator@U?$pair@$$CBUlen_string@@H@std@@@3@$0A@@std@@@std@@IEAA?AU?$pair@V?$_List_iterator@V?$_List_val@U?$_List_simple_types@U?$pair@$$CBUlen_string@@H@std@@@std@@@std@@@std@@_N@1@AEAU?$pair@$$CBUlen_string@@H@1@V?$_List_unchecked_iterator@V?$_List_val@U?$_List_simple_types@U?$pair@$$CBUlen_string@@H@std@@@std@@@std@@@1@@Z@4HA 000000014000740a f   easy_build.obj
 0001:00006418       __catch$??$_Insert@AEAU?$pair@$$CBUlen_string@@H@std@@V?$_List_unchecked_iterator@V?$_List_val@U?$_List_simple_types@U?$pair@$$CBUlen_string@@H@std@@@std@@@std@@@2@@?$_Hash@V?$_Umap_traits@Ulen_string@@HV?$_Uhash_compare@Ulen_string@@U?$hash@Ulen_string@@@std@@U?$equal_to@Ulen_string@@@3@@std@@V?$allocator@U?$pair@$$CBUlen_string@@H@std@@@3@$0A@@std@@@std@@IEAA?AU?$pair@V?$_List_iterator@V?$_List_val@U?$_List_simple_types@U?$pair@$$CBUlen_string@@H@std@@@std@@@std@@@std@@_N@1@AEAU?$pair@$$CBUlen_string@@H@1@V?$_List_unchecked_iterator@V?$_List_val@U?$_List_simple_types@U?$pair@$$CBUlen_string@@H@std@@@std@@@std@@@1@@Z$2 0000000140007418 f   easy_build.obj
 0001:00006460       ?catch$26@?0???$_Insert@U?$pair@$$CBUlen_string@@H@std@@U_Not_a_node_tag@2@@?$_Hash@V?$_Umap_traits@Ulen_string@@HV?$_Uhash_compare@Ulen_string@@U?$hash@Ulen_string@@@std@@U?$equal_to@Ulen_string@@@3@@std@@V?$allocator@U?$pair@$$CBUlen_string@@H@std@@@3@$0A@@std@@@std@@IEAA?AU?$pair@V?$_List_iterator@V?$_List_val@U?$_List_simple_types@U?$pair@$$CBUlen_string@@H@std@@@std@@@std@@@std@@_N@1@$$QEAU?$pair@$$CBUlen_string@@H@1@U_Not_a_node_tag@1@@Z@4HA 0000000140007460 f   easy_build.obj
 0001:0000646d       __catch$??$_Insert@U?$pair@$$CBUlen_string@@H@std@@U_Not_a_node_tag@2@@?$_Hash@V?$_Umap_traits@Ulen_string@@HV?$_Uhash_compare@Ulen_string@@U?$hash@Ulen_string@@@std@@U?$equal_to@Ulen_string@@@3@@std@@V?$allocator@U?$pair@$$CBUlen_string@@H@std@@@3@$0A@@std@@@std@@IEAA?AU?$pair@V?$_List_iterator@V?$_List_val@U?$_List_simple_types@U?$pair@$$CBUlen_string@@H@std@@@std@@@std@@@std@@_N@1@$$QEAU?$pair@$$CBUlen_string@@H@1@U_Not_a_node_tag@1@@Z$0 000000014000746d f   easy_build.obj
 0001:00006477       ?catch$25@?0???$_Insert@U?$pair@$$CBUlen_string@@H@std@@U_Not_a_node_tag@2@@?$_Hash@V?$_Umap_traits@Ulen_string@@HV?$_Uhash_compare@Ulen_string@@U?$hash@Ulen_string@@@std@@U?$equal_to@Ulen_string@@@3@@std@@V?$allocator@U?$pair@$$CBUlen_string@@H@std@@@3@$0A@@std@@@std@@IEAA?AU?$pair@V?$_List_iterator@V?$_List_val@U?$_List_simple_types@U?$pair@$$CBUlen_string@@H@std@@@std@@@std@@@std@@_N@1@$$QEAU?$pair@$$CBUlen_string@@H@1@U_Not_a_node_tag@1@@Z@4HA 0000000140007477 f   easy_build.obj
 0001:00006485       __catch$??$_Insert@U?$pair@$$CBUlen_string@@H@std@@U_Not_a_node_tag@2@@?$_Hash@V?$_Umap_traits@Ulen_string@@HV?$_Uhash_compare@Ulen_string@@U?$hash@Ulen_string@@@std@@U?$equal_to@Ulen_string@@@3@@std@@V?$allocator@U?$pair@$$CBUlen_string@@H@std@@@3@$0A@@std@@@std@@IEAA?AU?$pair@V?$_List_iterator@V?$_List_val@U?$_List_simple_types@U?$pair@$$CBUlen_string@@H@std@@@std@@@std@@@std@@_N@1@$$QEAU?$pair@$$CBUlen_string@@H@1@U_Not_a_node_tag@1@@Z$2 0000000140007485 f   easy_build.obj
 0001:000064c0       ?dtor$0@?0???$_Try_emplace@AEBUlen_string@@$$V@?$unordered_map@Ulen_string@@HU?$hash@Ulen_string@@@std@@U?$equal_to@Ulen_string@@@3@V?$allocator@U?$pair@$$CBUlen_string@@H@std@@@3@@std@@QEAA?AU?$pair@V?$_List_iterator@V?$_List_val@U?$_List_simple_types@U?$pair@$$CBUlen_string@@H@std@@@std@@@std@@@std@@_N@1@AEBUlen_string@@@Z@4HA 00000001400074c0 f   easy_build.obj
 0001:000064d0       ?dtor$1@?0???$_Try_emplace@AEBUlen_string@@$$V@?$unordered_map@Ulen_string@@HU?$hash@Ulen_string@@@std@@U?$equal_to@Ulen_string@@@3@V?$allocator@U?$pair@$$CBUlen_string@@H@std@@@3@@std@@QEAA?AU?$pair@V?$_List_iterator@V?$_List_val@U?$_List_simple_types@U?$pair@$$CBUlen_string@@H@std@@@std@@@std@@@std@@_N@1@AEBUlen_string@@@Z@4HA 00000001400074d0 f   easy_build.obj
 0001:000064e0       ?dtor$12@?0???$_Try_emplace@AEBUlen_string@@$$V@?$unordered_map@Ulen_string@@HU?$hash@Ulen_string@@@std@@U?$equal_to@Ulen_string@@@3@V?$allocator@U?$pair@$$CBUlen_string@@H@std@@@3@@std@@QEAA?AU?$pair@V?$_List_iterator@V?$_List_val@U?$_List_simple_types@U?$pair@$$CBUlen_string@@H@std@@@std@@@std@@@std@@_N@1@AEBUlen_string@@@Z@4HA 00000001400074e0 f   easy_build.obj
 0001:000064f0       ?dtor$0@?0???$erase@V?$_List_iterator@V?$_List_val@U?$_List_simple_types@U?$pair@$$CBUlen_string@@H@std@@@std@@@std@@@std@@X@?$_Hash@V?$_Umap_traits@Ulen_string@@HV?$_Uhash_compare@Ulen_string@@U?$hash@Ulen_string@@@std@@U?$equal_to@Ulen_string@@@3@@std@@V?$allocator@U?$pair@$$CBUlen_string@@H@std@@@3@$0A@@std@@@std@@QEAA?AV?$_List_iterator@V?$_List_val@U?$_List_simple_types@U?$pair@$$CBUlen_string@@H@std@@@std@@@std@@@1@V21@@Z@4HA 00000001400074f0 f   easy_build.obj
 0001:00006500       ?dtor$0@?0???E?$_List_const_iterator@V?$_List_val@U?$_List_simple_types@U?$pair@$$CBUlen_string@@H@std@@@std@@@std@@@std@@QEAA?AV01@H@Z@4HA 0000000140007500 f   easy_build.obj
 0001:00006530       ?dtor$1@?0???__Ealready_checked_map@@YAXXZ@4HA 0000000140007530 f   easy_build.obj
 0001:00006540       ?dtor$2@?0???__Ealready_checked_map@@YAXXZ@4HA 0000000140007540 f   easy_build.obj
 0001:00006550       ?catch$0@?0??_Buynode0@?$_List_alloc@U?$_List_base_types@U?$pair@$$CBUlen_string@@H@std@@V?$allocator@U?$pair@$$CBUlen_string@@H@std@@@2@@std@@@std@@QEAAPEAU?$_List_node@U?$pair@$$CBUlen_string@@H@std@@PEAX@2@PEAU32@0@Z@4HA 0000000140007550 f   easy_build.obj
 0001:0000655d       __catch$?_Buynode0@?$_List_alloc@U?$_List_base_types@U?$pair@$$CBUlen_string@@H@std@@V?$allocator@U?$pair@$$CBUlen_string@@H@std@@@2@@std@@@std@@QEAAPEAU?$_List_node@U?$pair@$$CBUlen_string@@H@std@@PEAX@2@PEAU32@0@Z$0 000000014000755d f   easy_build.obj
 0001:00006580       ?dtor$0@?0??_Destroy_if_node@?$_Hash@V?$_Umap_traits@Ulen_string@@HV?$_Uhash_compare@Ulen_string@@U?$hash@Ulen_string@@@std@@U?$equal_to@Ulen_string@@@3@@std@@V?$allocator@U?$pair@$$CBUlen_string@@H@std@@@3@$0A@@std@@@std@@IEAAXV?$_List_unchecked_iterator@V?$_List_val@U?$_List_simple_types@U?$pair@$$CBUlen_string@@H@std@@@std@@@std@@@2@@Z@4HA 0000000140007580 f   easy_build.obj
 0001:00006590       ?catch$0@?0??_Reallocate_exactly@?$vector@V?$_List_unchecked_iterator@V?$_List_val@U?$_List_simple_types@U?$pair@$$CBUlen_string@@H@std@@@std@@@std@@@std@@V?$allocator@V?$_List_unchecked_iterator@V?$_List_val@U?$_List_simple_types@U?$pair@$$CBUlen_string@@H@std@@@std@@@std@@@std@@@2@@std@@AEAAX_K@Z@4HA 0000000140007590 f   easy_build.obj
 0001:0000659d       __catch$?_Reallocate_exactly@?$vector@V?$_List_unchecked_iterator@V?$_List_val@U?$_List_simple_types@U?$pair@$$CBUlen_string@@H@std@@@std@@@std@@@std@@V?$allocator@V?$_List_unchecked_iterator@V?$_List_val@U?$_List_simple_types@U?$pair@$$CBUlen_string@@H@std@@@std@@@std@@@std@@@2@@std@@AEAAX_K@Z$0 000000014000759d f   easy_build.obj
 0001:000065c0       ?dtor$0@?0??check_directory_for_file@@YAIPEADUlen_string@@PEAU1@@Z@4HA 00000001400075c0 f   easy_build.obj
 0001:000065d0       ?dtor$1@?0??check_directory_for_file@@YAIPEADUlen_string@@PEAU1@@Z@4HA 00000001400075d0 f   easy_build.obj
 0001:000065e0       ?dtor$0@?0??erase@?$_Hash@V?$_Umap_traits@Ulen_string@@HV?$_Uhash_compare@Ulen_string@@U?$hash@Ulen_string@@@std@@U?$equal_to@Ulen_string@@@3@@std@@V?$allocator@U?$pair@$$CBUlen_string@@H@std@@@3@$0A@@std@@@std@@QEAA?AV?$_List_iterator@V?$_List_val@U?$_List_simple_types@U?$pair@$$CBUlen_string@@H@std@@@std@@@std@@@2@V?$_List_const_iterator@V?$_List_val@U?$_List_simple_types@U?$pair@$$CBUlen_string@@H@std@@@std@@@std@@@2@@Z@4HA 00000001400075e0 f   easy_build.obj
 0001:000065f0       ?dtor$17@?0??erase@?$_Hash@V?$_Umap_traits@Ulen_string@@HV?$_Uhash_compare@Ulen_string@@U?$hash@Ulen_string@@@std@@U?$equal_to@Ulen_string@@@3@@std@@V?$allocator@U?$pair@$$CBUlen_string@@H@std@@@3@$0A@@std@@@std@@QEAA?AV?$_List_iterator@V?$_List_val@U?$_List_simple_types@U?$pair@$$CBUlen_string@@H@std@@@std@@@std@@@2@V?$_List_const_iterator@V?$_List_val@U?$_List_simple_types@U?$pair@$$CBUlen_string@@H@std@@@std@@@std@@@2@@Z@4HA 00000001400075f0 f   easy_build.obj
 0001:00006600       ?dtor$0@?0??erase@?$list@U?$pair@$$CBUlen_string@@H@std@@V?$allocator@U?$pair@$$CBUlen_string@@H@std@@@2@@std@@QEAA?AV?$_List_iterator@V?$_List_val@U?$_List_simple_types@U?$pair@$$CBUlen_string@@H@std@@@std@@@std@@@2@V?$_List_const_iterator@V?$_List_val@U?$_List_simple_types@U?$pair@$$CBUlen_string@@H@std@@@std@@@std@@@2@@Z@4HA 0000000140007600 f   easy_build.obj
 0001:00006610       ?dtor$8@?0??erase@?$list@U?$pair@$$CBUlen_string@@H@std@@V?$allocator@U?$pair@$$CBUlen_string@@H@std@@@2@@std@@QEAA?AV?$_List_iterator@V?$_List_val@U?$_List_simple_types@U?$pair@$$CBUlen_string@@H@std@@@std@@@std@@@2@V?$_List_const_iterator@V?$_List_val@U?$_List_simple_types@U?$pair@$$CBUlen_string@@H@std@@@std@@@std@@@2@@Z@4HA 0000000140007610 f   easy_build.obj
 0001:00006620       ?dtor$0@?0??should_compile_file@@YAIPEADAEBUlen_string@@PEAI@Z@4HA 0000000140007620 f   easy_build.obj
 0001:00006630       ?dtor$1@?0??should_compile_file@@YAIPEADAEBUlen_string@@PEAI@Z@4HA 0000000140007630 f   easy_build.obj
 0001:00006640       ?dtor$17@?0??should_compile_file@@YAIPEADAEBUlen_string@@PEAI@Z@4HA 0000000140007640 f   easy_build.obj
 0001:00006650       main$dtor$0                0000000140007650 f   easy_build.obj
 0001:00006660       __scrt_is_nonwritable_in_current_image$filt$0 0000000140007660 f   MSVCRTD:utility.obj
 0001:000066a0       ?filt$0@?0??__scrt_common_main_seh@@YAHXZ@4HA 00000001400076a0 f   MSVCRTD:exe_main.obj
 0001:000066d0       ??__Falready_checked_map@@YAXXZ 00000001400076d0 f   easy_build.obj
 0002:00000270       ?pre_cpp_initializer@@3P6AXXZEA 0000000140008270     MSVCRTD:exe_main.obj
 0002:00000278       ?already_checked_map$initializer$@@3P6AXXZEA 0000000140008278     easy_build.obj
 0002:00000290       ?pre_c_initializer@@3P6AHXZEA 0000000140008290     MSVCRTD:exe_main.obj
 0002:00000298       ?post_pgo_initializer@@3P6AHXZEA 0000000140008298     MSVCRTD:exe_main.obj
 0002:000002d0       ?piecewise_construct@std@@3Upiecewise_construct_t@1@B 00000001400082d0     easy_build.obj
 0002:000004e8       $cppxdata$?_Orphan_all@_Container_base12@std@@QEAAXXZ 00000001400084e8     easy_build.obj
 0002:00000510       $cppxdata$?_Adopt@_Iterator_base12@std@@QEAAXPEBU_Container_base12@2@@Z 0000000140008510     easy_build.obj
 0002:00000538       $cppxdata$?_Orphan_me@_Iterator_base12@std@@QEAAXXZ 0000000140008538     easy_build.obj
 0002:00000560       $cppxdata$?_Freeheadnode@?$_List_alloc@U?$_List_base_types@U?$pair@$$CBUlen_string@@H@std@@V?$allocator@U?$pair@$$CBUlen_string@@H@std@@@2@@std@@@std@@QEAAXPEAU?$_List_node@U?$pair@$$CBUlen_string@@H@std@@PEAX@2@@Z 0000000140008560     easy_build.obj
 0002:00000588       $cppxdata$?_Buynode0@?$_List_alloc@U?$_List_base_types@U?$pair@$$CBUlen_string@@H@std@@V?$allocator@U?$pair@$$CBUlen_string@@H@std@@@2@@std@@@std@@QEAAPEAU?$_List_node@U?$pair@$$CBUlen_string@@H@std@@PEAX@2@PEAU32@0@Z 0000000140008588     easy_build.obj
 0002:000005b0       $cppxdata$??1?$list@U?$pair@$$CBUlen_string@@H@std@@V?$allocator@U?$pair@$$CBUlen_string@@H@std@@@2@@std@@QEAA@XZ 00000001400085b0     easy_build.obj
 0002:000005d8       $cppxdata$?_Make_iter@?$list@U?$pair@$$CBUlen_string@@H@std@@V?$allocator@U?$pair@$$CBUlen_string@@H@std@@@2@@std@@QEBA?AV?$_List_iterator@V?$_List_val@U?$_List_simple_types@U?$pair@$$CBUlen_string@@H@std@@@std@@@std@@@2@V?$_List_const_iterator@V?$_List_val@U?$_List_simple_types@U?$pair@$$CBUlen_string@@H@std@@@std@@@std@@@2@@Z 00000001400085d8     easy_build.obj
 0002:00000600       $cppxdata$?erase@?$list@U?$pair@$$CBUlen_string@@H@std@@V?$allocator@U?$pair@$$CBUlen_string@@H@std@@@2@@std@@QEAA?AV?$_List_iterator@V?$_List_val@U?$_List_simple_types@U?$pair@$$CBUlen_string@@H@std@@@std@@@std@@@2@V?$_List_const_iterator@V?$_List_val@U?$_List_simple_types@U?$pair@$$CBUlen_string@@H@std@@@std@@@std@@@2@@Z 0000000140008600     easy_build.obj
 0002:00000628       $cppxdata$?_Make_iter@?$_Hash@V?$_Umap_traits@Ulen_string@@HV?$_Uhash_compare@Ulen_string@@U?$hash@Ulen_string@@@std@@U?$equal_to@Ulen_string@@@3@@std@@V?$allocator@U?$pair@$$CBUlen_string@@H@std@@@3@$0A@@std@@@std@@QEBA?AV?$_List_iterator@V?$_List_val@U?$_List_simple_types@U?$pair@$$CBUlen_string@@H@std@@@std@@@std@@@2@V?$_List_const_iterator@V?$_List_val@U?$_List_simple_types@U?$pair@$$CBUlen_string@@H@std@@@std@@@std@@@2@@Z 0000000140008628     easy_build.obj
[...]
 0004:0000012c       $pdata$??__Ealready_checked_map@@YAXXZ 000000014000d12c     easy_build.obj
 0004:00000138       $pdata$??__Falready_checked_map@@YAXXZ 000000014000d138     easy_build.obj
 0004:00000144       $pdata$?write_file_build_info@@YAXUfile_build_info@@PEAD@Z 000000014000d144     easy_build.obj
 0004:00000150       $pdata$?should_compile_file@@YAIPEADAEBUlen_string@@PEAI@Z 000000014000d150     easy_build.obj
 0004:0000015c       $pdata$??D?$_List_const_iterator@V?$_List_val@U?$_List_simple_types@U?$pair@$$CBUlen_string@@H@std@@@std@@@std@@@std@@QEBAAEBU?$pair@$$CBUlen_string@@H@1@XZ 000000014000d15c     easy_build.obj
 0004:00000168       $pdata$??E?$_List_const_iterator@V?$_List_val@U?$_List_simple_types@U?$pair@$$CBUlen_string@@H@std@@@std@@@std@@@std@@QEAA?AV01@H@Z 000000014000d168     easy_build.obj
 0004:00000174       $pdata$?dtor$0@?0???E?$_List_const_iterator@V?$_List_val@U?$_List_simple_types@U?$pair@$$CBUlen_string@@H@std@@@std@@@std@@@std@@QEAA?AV01@H@Z@4HA 000000014000d174     easy_build.obj
 0004:00000180       $pdata$??8?$_List_const_iterator@V?$_List_val@U?$_List_simple_types@U?$pair@$$CBUlen_string@@H@std@@@std@@@std@@@std@@QEBA_NAEBV01@@Z 000000014000d180     easy_build.obj
 0004:0000018c       $pdata$??1?$_List_const_iterator@V?$_List_val@U?$_List_simple_types@U?$pair@$$CBUlen_string@@H@std@@@std@@@std@@@std@@QEAA@XZ 000000014000d18c     easy_build.obj
 0004:00000198       $pdata$??1?$_List_iterator@V?$_List_val@U?$_List_simple_types@U?$pair@$$CBUlen_string@@H@std@@@std@@@std@@@std@@QEAA@XZ 000000014000d198     easy_build.obj
 0004:000001a4       $pdata$??1?$pair@V?$_List_iterator@V?$_List_val@U?$_List_simple_types@U?$pair@$$CBUlen_string@@H@std@@@std@@@std@@@std@@_N@std@@QEAA@XZ 000000014000d1a4     easy_build.obj
 0004:000001b0       $pdata$?check_directory_for_file@@YAIPEADUlen_string@@PEAU1@@Z 000000014000d1b0     easy_build.obj
 0004:000001bc       $pdata$??1?$vector@Ulen_string@@V?$allocator@Ulen_string@@@std@@@std@@QEAA@XZ 000000014000d1bc     easy_build.obj
 0004:000001c8       $pdata$?_Change_array@?$vector@Ulen_string@@V?$allocator@Ulen_string@@@std@@@std@@AEAAXQEAUlen_string@@_K1@Z 000000014000d1c8     easy_build.obj
 0004:000001d4       $pdata$?_Xlength@?$vector@Ulen_string@@V?$allocator@Ulen_string@@@std@@@std@@CAXXZ 000000014000d1d4     easy_build.obj
 0004:000001e0       $pdata$??1?$vector@PEADV?$allocator@PEAD@std@@@std@@QEAA@XZ 000000014000d1e0     easy_build.obj
 0004:000001ec       $pdata$?_Xlength@?$vector@PEADV?$allocator@PEAD@std@@@std@@CAXXZ 000000014000d1ec     easy_build.obj
 0004:000001f8       $pdata$?should_compile_recursive@@YAIPEADAEBV?$vector@PEADV?$allocator@PEAD@std@@@std@@AEBUlen_string@@@Z 000000014000d1f8     easy_build.obj
 0004:00000204       $pdata$2$?should_compile_recursive@@YAIPEADAEBV?$vector@PEADV?$allocator@PEAD@std@@@std@@AEBUlen_string@@@Z 000000014000d204     easy_build.obj
 0004:00000210       $pdata$4$?should_compile_recursive@@YAIPEADAEBV?$vector@PEADV?$allocator@PEAD@std@@@std@@AEBUlen_string@@@Z 000000014000d210     easy_build.obj
 0004:0000021c       $pdata$5$?should_compile_recursive@@YAIPEADAEBV?$vector@PEADV?$allocator@PEAD@std@@@std@@AEBUlen_string@@@Z 000000014000d21c     easy_build.obj
 0004:00000228       $pdata$6$?should_compile_recursive@@YAIPEADAEBV?$vector@PEADV?$allocator@PEAD@std@@@std@@AEBUlen_string@@@Z 000000014000d228     easy_build.obj
 0004:00000234       $pdata$main                000000014000d234     easy_build.obj
 0004:00000240       $pdata$??$_Emplace_reallocate@AEBQEAD@?$vector@PEADV?$allocator@PEAD@std@@@std@@QEAAPEAPEADQEAPEADAEBQEAD@Z 000000014000d240     easy_build.obj
 0004:0000024c       $pdata$?catch$0@?0???$_Emplace_reallocate@AEBQEAD@?$vector@PEADV?$allocator@PEAD@std@@@std@@QEAAPEAPEADQEAPEADAEBQEAD@Z@4HA 000000014000d24c     easy_build.obj
 0004:00000258       $pdata$??$_Emplace_reallocate@Ulen_string@@@?$vector@Ulen_string@@V?$allocator@Ulen_string@@@std@@@std@@QEAAPEAUlen_string@@QEAU2@$$QEAU2@@Z 000000014000d258     easy_build.obj
 0004:00000264       $pdata$?catch$0@?0???$_Emplace_reallocate@Ulen_string@@@?$vector@Ulen_string@@V?$allocator@Ulen_string@@@std@@@std@@QEAAPEAUlen_string@@QEAU2@$$QEAU2@@Z@4HA 000000014000d264     easy_build.obj
 0004:00000270       $pdata$??$_Emplace_reallocate@AEBUlen_string@@@?$vector@Ulen_string@@V?$allocator@Ulen_string@@@std@@@std@@QEAAPEAUlen_string@@QEAU2@AEBU2@@Z 000000014000d270     easy_build.obj
 0004:0000027c       $pdata$?catch$0@?0???$_Emplace_reallocate@AEBUlen_string@@@?$vector@Ulen_string@@V?$allocator@Ulen_string@@@std@@@std@@QEAAPEAUlen_string@@QEAU2@AEBU2@@Z@4HA 000000014000d27c     easy_build.obj
 0004:00000288       $pdata$??$_Allocate@$0BA@U_Default_allocate_traits@std@@$0A@@std@@YAPEAX_K@Z 000000014000d288     easy_build.obj
 0004:00000294       $pdata$0$??$_Allocate@$0BA@U_Default_allocate_traits@std@@$0A@@std@@YAPEAX_K@Z 000000014000d294     easy_build.obj
 0004:000002a0       $pdata$1$??$_Allocate@$0BA@U_Default_allocate_traits@std@@$0A@@std@@YAPEAX_K@Z 000000014000d2a0     easy_build.obj
 0004:000002ac       $pdata$??$_Deallocate@$0BA@$0A@@std@@YAXPEAX_K@Z 000000014000d2ac     easy_build.obj
 0004:000002b8       $pdata$2$??$_Deallocate@$0BA@$0A@@std@@YAXPEAX_K@Z 000000014000d2b8     easy_build.obj
 0004:000002c4       $pdata$3$??$_Deallocate@$0BA@$0A@@std@@YAXPEAX_K@Z 000000014000d2c4     easy_build.obj
 0004:000002d0       $pdata$??$_Fill_unchecked@PEAV?$_List_unchecked_iterator@V?$_List_val@U?$_List_simple_types@U?$pair@$$CBUlen_string@@H@std@@@std@@@std@@@std@@V12@@std@@YAXPEAV?$_List_unchecked_iterator@V?$_List_val@U?$_List_simple_types@U?$pair@$$CBUlen_string@@H@std@@@std@@@std@@@0@0AEBV10@@Z 000000014000d2d0     easy_build.obj
 0004:000002dc       $pdata$0$??$_Fill_unchecked@PEAV?$_List_unchecked_iterator@V?$_List_val@U?$_List_simple_types@U?$pair@$$CBUlen_string@@H@std@@@std@@@std@@@std@@V12@@std@@YAXPEAV?$_List_unchecked_iterator@V?$_List_val@U?$_List_simple_types@U?$pair@$$CBUlen_string@@H@std@@@std@@@std@@@0@0AEBV10@@Z 000000014000d2dc     easy_build.obj
 0004:000002e8       $pdata$1$??$_Fill_unchecked@PEAV?$_List_unchecked_iterator@V?$_List_val@U?$_List_simple_types@U?$pair@$$CBUlen_string@@H@std@@@std@@@std@@@std@@V12@@std@@YAXPEAV?$_List_unchecked_iterator@V?$_List_val@U?$_List_simple_types@U?$pair@$$CBUlen_string@@H@std@@@std@@@std@@@0@0AEBV10@@Z 000000014000d2e8     easy_build.obj
 0004:000002f4       $pdata$??$_Insert@U?$pair@$$CBUlen_string@@H@std@@U_Not_a_node_tag@2@@?$_Hash@V?$_Umap_traits@Ulen_string@@HV?$_Uhash_compare@Ulen_string@@U?$hash@Ulen_string@@@std@@U?$equal_to@Ulen_string@@@3@@std@@V?$allocator@U?$pair@$$CBUlen_string@@H@std@@@3@$0A@@std@@@std@@IEAA?AU?$pair@V?$_List_iterator@V?$_List_val@U?$_List_simple_types@U?$pair@$$CBUlen_string@@H@std@@@std@@@std@@@std@@_N@1@$$QEAU?$pair@$$CBUlen_string@@H@1@U_Not_a_node_tag@1@@Z 000000014000d2f4     easy_build.obj
 0004:00000300       $pdata$?catch$26@?0???$_Insert@U?$pair@$$CBUlen_string@@H@std@@U_Not_a_node_tag@2@@?$_Hash@V?$_Umap_traits@Ulen_string@@HV?$_Uhash_compare@Ulen_string@@U?$hash@Ulen_string@@@std@@U?$equal_to@Ulen_string@@@3@@std@@V?$allocator@U?$pair@$$CBUlen_string@@H@std@@@3@$0A@@std@@@std@@IEAA?AU?$pair@V?$_List_iterator@V?$_List_val@U?$_List_simple_types@U?$pair@$$CBUlen_string@@H@std@@@std@@@std@@@std@@_N@1@$$QEAU?$pair@$$CBUlen_string@@H@1@U_Not_a_node_tag@1@@Z@4HA 000000014000d300     easy_build.obj
 0004:0000030c       $pdata$?catch$25@?0???$_Insert@U?$pair@$$CBUlen_string@@H@std@@U_Not_a_node_tag@2@@?$_Hash@V?$_Umap_traits@Ulen_string@@HV?$_Uhash_compare@Ulen_string@@U?$hash@Ulen_string@@@std@@U?$equal_to@Ulen_string@@@3@@std@@V?$allocator@U?$pair@$$CBUlen_string@@H@std@@@3@$0A@@std@@@std@@IEAA?AU?$pair@V?$_List_iterator@V?$_List_val@U?$_List_simple_types@U?$pair@$$CBUlen_string@@H@std@@@std@@@std@@@std@@_N@1@$$QEAU?$pair@$$CBUlen_string@@H@1@U_Not_a_node_tag@1@@Z@4HA 000000014000d30c     easy_build.obj
 0004:00000318       $pdata$??$_Try_emplace@AEBUlen_string@@$$V@?$unordered_map@Ulen_string@@HU?$hash@Ulen_string@@@std@@U?$equal_to@Ulen_string@@@3@V?$allocator@U?$pair@$$CBUlen_string@@H@std@@@3@@std@@QEAA?AU?$pair@V?$_List_iterator@V?$_List_val@U?$_List_simple_types@U?$pair@$$CBUlen_string@@H@std@@@std@@@std@@@std@@_N@1@AEBUlen_string@@@Z 000000014000d318     easy_build.obj
 0004:00000324       $pdata$??$?0AEBV?$allocator@U?$pair@$$CBUlen_string@@H@std@@@std@@X@?$_List_alloc@U?$_List_base_types@U?$pair@$$CBUlen_string@@H@std@@V?$allocator@U?$pair@$$CBUlen_string@@H@std@@@2@@std@@@std@@QEAA@AEBV?$allocator@U?$pair@$$CBUlen_string@@H@std@@@1@@Z 000000014000d324     easy_build.obj
 0004:00000330       $pdata$?catch$0@?0???$?0AEBV?$allocator@U?$pair@$$CBUlen_string@@H@std@@@std@@X@?$_List_alloc@U?$_List_base_types@U?$pair@$$CBUlen_string@@H@std@@V?$allocator@U?$pair@$$CBUlen_string@@H@std@@@2@@std@@@std@@QEAA@AEBV?$allocator@U?$pair@$$CBUlen_string@@H@std@@@1@@Z@4HA 000000014000d330     easy_build.obj
 0004:0000033c       $pdata$??$erase@V?$_List_iterator@V?$_List_val@U?$_List_simple_types@U?$pair@$$CBUlen_string@@H@std@@@std@@@std@@@std@@X@?$_Hash@V?$_Umap_traits@Ulen_string@@HV?$_Uhash_compare@Ulen_string@@U?$hash@Ulen_string@@@std@@U?$equal_to@Ulen_string@@@3@@std@@V?$allocator@U?$pair@$$CBUlen_string@@H@std@@@3@$0A@@std@@@std@@QEAA?AV?$_List_iterator@V?$_List_val@U?$_List_simple_types@U?$pair@$$CBUlen_string@@H@std@@@std@@@std@@@1@V21@@Z 000000014000d33c     easy_build.obj
 0004:00000348       $pdata$??$_Insert@AEAU?$pair@$$CBUlen_string@@H@std@@V?$_List_unchecked_iterator@V?$_List_val@U?$_List_simple_types@U?$pair@$$CBUlen_string@@H@std@@@std@@@std@@@2@@?$_Hash@V?$_Umap_traits@Ulen_string@@HV?$_Uhash_compare@Ulen_string@@U?$hash@Ulen_string@@@std@@U?$equal_to@Ulen_string@@@3@@std@@V?$allocator@U?$pair@$$CBUlen_string@@H@std@@@3@$0A@@std@@@std@@IEAA?AU?$pair@V?$_List_iterator@V?$_List_val@U?$_List_simple_types@U?$pair@$$CBUlen_string@@H@std@@@std@@@std@@@std@@_N@1@AEAU?$pair@$$CBUlen_string@@H@1@V?$_List_unchecked_iterator@V?$_List_val@U?$_List_simple_types@U?$pair@$$CBUlen_string@@H@std@@@std@@@std@@@1@@Z 000000014000d348     easy_build.obj
 0004:00000354       $pdata$?catch$36@?0???$_Insert@AEAU?$pair@$$CBUlen_string@@H@std@@V?$_List_unchecked_iterator@V?$_List_val@U?$_List_simple_types@U?$pair@$$CBUlen_string@@H@std@@@std@@@std@@@2@@?$_Hash@V?$_Umap_traits@Ulen_string@@HV?$_Uhash_compare@Ulen_string@@U?$hash@Ulen_string@@@std@@U?$equal_to@Ulen_string@@@3@@std@@V?$allocator@U?$pair@$$CBUlen_string@@H@std@@@3@$0A@@std@@@std@@IEAA?AU?$pair@V?$_List_iterator@V?$_List_val@U?$_List_simple_types@U?$pair@$$CBUlen_string@@H@std@@@std@@@std@@@std@@_N@1@AEAU?$pair@$$CBUlen_string@@H@1@V?$_List_unchecked_iterator@V?$_List_val@U?$_List_simple_types@U?$pair@$$CBUlen_string@@H@std@@@std@@@std@@@1@@Z@4HA 000000014000d354     easy_build.obj
 0004:00000360       $pdata$?catch$35@?0???$_Insert@AEAU?$pair@$$CBUlen_string@@H@std@@V?$_List_unchecked_iterator@V?$_List_val@U?$_List_simple_types@U?$pair@$$CBUlen_string@@H@std@@@std@@@std@@@2@@?$_Hash@V?$_Umap_traits@Ulen_string@@HV?$_Uhash_compare@Ulen_string@@U?$hash@Ulen_string@@@std@@U?$equal_to@Ulen_string@@@3@@std@@V?$allocator@U?$pair@$$CBUlen_string@@H@std@@@3@$0A@@std@@@std@@IEAA?AU?$pair@V?$_List_iterator@V?$_List_val@U?$_List_simple_types@U?$pair@$$CBUlen_string@@H@std@@@std@@@std@@@std@@_N@1@AEAU?$pair@$$CBUlen_string@@H@1@V?$_List_unchecked_iterator@V?$_List_val@U?$_List_simple_types@U?$pair@$$CBUlen_string@@H@std@@@std@@@std@@@1@@Z@4HA 000000014000d360     easy_build.obj
 0004:0000036c       $pdata$??$_Buynode@AEBUpiecewise_construct_t@std@@V?$tuple@AEBUlen_string@@@2@V?$tuple@$$V@2@@?$_List_buy@U?$pair@$$CBUlen_string@@H@std@@V?$allocator@U?$pair@$$CBUlen_string@@H@std@@@2@@std@@QEAAPEAU?$_List_node@U?$pair@$$CBUlen_string@@H@std@@PEAX@1@PEAU21@0AEBUpiecewise_construct_t@1@$$QEAV?$tuple@AEBUlen_string@@@1@$$QEAV?$tuple@$$V@1@@Z 000000014000d36c     easy_build.obj
 0004:00000378       $pdata$?catch$0@?0???$_Buynode@AEBUpiecewise_construct_t@std@@V?$tuple@AEBUlen_string@@@2@V?$tuple@$$V@2@@?$_List_buy@U?$pair@$$CBUlen_string@@H@std@@V?$allocator@U?$pair@$$CBUlen_string@@H@std@@@2@@std@@QEAAPEAU?$_List_node@U?$pair@$$CBUlen_string@@H@std@@PEAX@1@PEAU21@0AEBUpiecewise_construct_t@1@$$QEAV?$tuple@AEBUlen_string@@@1@$$QEAV?$tuple@$$V@1@@Z@4HA 000000014000d378     easy_build.obj
 0004:00000384       $pdata$??$_Buynode@U?$pair@$$CBUlen_string@@H@std@@@?$_List_buy@U?$pair@$$CBUlen_string@@H@std@@V?$allocator@U?$pair@$$CBUlen_string@@H@std@@@2@@std@@QEAAPEAU?$_List_node@U?$pair@$$CBUlen_string@@H@std@@PEAX@1@PEAU21@0$$QEAU?$pair@$$CBUlen_string@@H@1@@Z 000000014000d384     easy_build.obj
 0004:00000390       $pdata$?catch$0@?0???$_Buynode@U?$pair@$$CBUlen_string@@H@std@@@?$_List_buy@U?$pair@$$CBUlen_string@@H@std@@V?$allocator@U?$pair@$$CBUlen_string@@H@std@@@2@@std@@QEAAPEAU?$_List_node@U?$pair@$$CBUlen_string@@H@std@@PEAX@1@PEAU21@0$$QEAU?$pair@$$CBUlen_string@@H@1@@Z@4HA 000000014000d390     easy_build.obj
 0004:0000039c       $pdata$??2@YAPEAX_K@Z      000000014000d39c     MSVCRTD:new_scalar.obj
 0004:000003a8       $pdata$??3@YAXPEAX_K@Z     000000014000d3a8     MSVCRTD:delete_scalar_size.obj
 0004:000003b4       $pdata$atexit              000000014000d3b4     MSVCRTD:utility.obj
 0004:000003c0       $pdata$_onexit             000000014000d3c0     MSVCRTD:utility.obj
 0004:000003cc       $pdata$__scrt_is_nonwritable_in_current_image 000000014000d3cc     MSVCRTD:utility.obj
 0004:000003d8       $pdata$__scrt_is_nonwritable_in_current_image$filt$0 000000014000d3d8     MSVCRTD:utility.obj
 0004:000003e4       $pdata$__scrt_acquire_startup_lock 000000014000d3e4     MSVCRTD:utility.obj
 0004:000003f0       $pdata$__scrt_release_startup_lock 000000014000d3f0     MSVCRTD:utility.obj
 0004:000003fc       $pdata$__scrt_initialize_crt 000000014000d3fc     MSVCRTD:utility.obj
 0004:00000408       $pdata$__scrt_uninitialize_crt 000000014000d408     MSVCRTD:utility.obj
 0004:00000414       $pdata$__scrt_initialize_onexit_tables 000000014000d414     MSVCRTD:utility.obj
 0004:00000420       $pdata$?configure_argv@__scrt_narrow_argv_policy@@SAHXZ 000000014000d420     MSVCRTD:utility.obj
 0004:0000042c       $pdata$?initialize_environment@__scrt_narrow_environment_policy@@SAHXZ 000000014000d42c     MSVCRTD:utility.obj
 0004:00000438       $pdata$?is_potentially_valid_image_base@@YA_NQEAX@Z 000000014000d438     MSVCRTD:utility.obj
 0004:00000444       $pdata$?find_pe_section@@YAPEAU_IMAGE_SECTION_HEADER@@QEAE_K@Z 000000014000d444     MSVCRTD:utility.obj
 0004:00000450       $pdata$??$__crt_fast_decode_pointer@PEAP6AXXZ@@YAPEAP6AXXZQEAP6AXXZ@Z 000000014000d450     MSVCRTD:utility.obj
 0004:0000045c       $pdata$??$__crt_fast_encode_pointer@PEAP6AXXZ@@YAPEAP6AXXZQEAP6AXXZ@Z 000000014000d45c     MSVCRTD:utility.obj
 0004:00000468       $pdata$__GSHandlerCheckCommon 000000014000d468     MSVCRTD:_gshandler_.obj
 0004:00000474       $pdata$__GSHandlerCheck    000000014000d474     MSVCRTD:_gshandler_.obj
 0004:00000480       $pdata$__GSHandlerCheck_EH 000000014000d480     MSVCRTD:gshandlereh.obj
 0004:00000498       $pdata$?set_app_type@__scrt_main_policy@@SAXXZ 000000014000d498     MSVCRTD:exe_main.obj
 0004:000004a4       $pdata$?set_fmode@__scrt_file_policy@@SAXXZ 000000014000d4a4     MSVCRTD:exe_main.obj
 0004:000004b0       $pdata$?set_commode@__scrt_file_policy@@SAXXZ 000000014000d4b0     MSVCRTD:exe_main.obj
 0004:000004bc       $pdata$?invoke_main@@YAHXZ 000000014000d4bc     MSVCRTD:exe_main.obj
 0004:000004c8       $pdata$?pre_c_initialization@@YAHXZ 000000014000d4c8     MSVCRTD:exe_main.obj
 0004:000004d4       $pdata$?post_pgo_initialization@@YAHXZ 000000014000d4d4     MSVCRTD:exe_main.obj
 0004:000004e0       $pdata$?pre_cpp_initialization@@YAXXZ 000000014000d4e0     MSVCRTD:exe_main.obj
 0004:000004ec       $pdata$?__scrt_common_main_seh@@YAHXZ 000000014000d4ec     MSVCRTD:exe_main.obj
 0004:000004f8       $pdata$?filt$0@?0??__scrt_common_main_seh@@YAHXZ@4HA 000000014000d4f8     MSVCRTD:exe_main.obj
 0004:00000504       $pdata$?__scrt_common_main@@YAHXZ 000000014000d504     MSVCRTD:exe_main.obj
 0004:00000510       $pdata$mainCRTStartup      000000014000d510     MSVCRTD:exe_main.obj
 0004:0000051c       $pdata$??0exception@std@@QEAA@QEBDH@Z 000000014000d51c     MSVCRTD:throw_bad_alloc.obj
 0004:00000528       $pdata$??0exception@std@@QEAA@AEBV01@@Z 000000014000d528     MSVCRTD:throw_bad_alloc.obj
 0004:00000534       $pdata$??1exception@std@@UEAA@XZ 000000014000d534     MSVCRTD:throw_bad_alloc.obj
 0004:00000540       $pdata$?what@exception@std@@UEBAPEBDXZ 000000014000d540     MSVCRTD:throw_bad_alloc.obj
 0004:0000054c       $pdata$??_Gexception@std@@UEAAPEAXI@Z 000000014000d54c     MSVCRTD:throw_bad_alloc.obj
 0004:00000558       $pdata$??0bad_alloc@std@@QEAA@XZ 000000014000d558     MSVCRTD:throw_bad_alloc.obj
 0004:00000564       $pdata$??0bad_alloc@std@@AEAA@QEBD@Z 000000014000d564     MSVCRTD:throw_bad_alloc.obj
 0004:00000570       $pdata$??1bad_alloc@std@@UEAA@XZ 000000014000d570     MSVCRTD:throw_bad_alloc.obj
 0004:0000057c       $pdata$??0bad_alloc@std@@QEAA@AEBV01@@Z 000000014000d57c     MSVCRTD:throw_bad_alloc.obj
 0004:00000588       $pdata$??_Gbad_alloc@std@@UEAAPEAXI@Z 000000014000d588     MSVCRTD:throw_bad_alloc.obj
 0004:00000594       $pdata$??0bad_array_new_length@std@@QEAA@XZ 000000014000d594     MSVCRTD:throw_bad_alloc.obj
 0004:000005a0       $pdata$??1bad_array_new_length@std@@UEAA@XZ 000000014000d5a0     MSVCRTD:throw_bad_alloc.obj
 0004:000005ac       $pdata$??0bad_array_new_length@std@@QEAA@AEBV01@@Z 000000014000d5ac     MSVCRTD:throw_bad_alloc.obj
 0004:000005b8       $pdata$??_Gbad_array_new_length@std@@UEAAPEAXI@Z 000000014000d5b8     MSVCRTD:throw_bad_alloc.obj
 0004:000005c4       $pdata$?__scrt_throw_std_bad_alloc@@YAXXZ 000000014000d5c4     MSVCRTD:throw_bad_alloc.obj
 0004:000005d0       $pdata$?__scrt_throw_std_bad_array_new_length@@YAXXZ 000000014000d5d0     MSVCRTD:throw_bad_alloc.obj
 0004:000005dc       $pdata$??3@YAXPEAX@Z       000000014000d5dc     MSVCRTD:delete_scalar.obj
 0004:000005e8       $pdata$__isa_available_init 000000014000d5e8     MSVCRTD:_cpu_disp_.obj
 0004:000005f4       $pdata$__scrt_is_ucrt_dll_in_use 000000014000d5f4     MSVCRTD:ucrt_detection.obj
 0004:00000600       $pdata$__scrt_is_managed_app 000000014000d600     MSVCRTD:utility_desktop.obj
 0004:0000060c       $pdata$__scrt_initialize_mta 000000014000d60c     MSVCRTD:utility_desktop.obj
 0004:00000618       $pdata$__scrt_set_unhandled_exception_filter 000000014000d618     MSVCRTD:utility_desktop.obj
 0004:00000624       $pdata$__scrt_fastfail     000000014000d624     MSVCRTD:utility_desktop.obj
 0004:00000630       $pdata$__scrt_unhandled_exception_filter 000000014000d630     MSVCRTD:utility_desktop.obj
 0004:0000063c       $pdata$__report_gsfailure  000000014000d63c     MSVCRTD:gs_report.obj
 0004:00000648       $pdata$capture_previous_context 000000014000d648     MSVCRTD:gs_report.obj
 0004:00000654       $pdata$__raise_securityfailure 000000014000d654     MSVCRTD:gs_report.obj
 0004:00000660       $pdata$__security_init_cookie 000000014000d660     MSVCRTD:gs_support.obj
 0004:0000066c       $pdata$__get_entropy       000000014000d66c     MSVCRTD:gs_support.obj
 0004:00000678       $pdata$?__scrt_initialize_type_info@@YAXXZ 000000014000d678     MSVCRTD:tncleanup.obj
 0004:00000684       $pdata$__scrt_initialize_default_local_stdio_options 000000014000d684     MSVCRTD:default_local_stdio_options.obj
 0004:00000690       $pdata$__scrt_is_user_matherr_present 000000014000d690     MSVCRTD:matherr_detection.obj
 0004:0000069c       $pdata$_RTC_Initialize     000000014000d69c     MSVCRTD:_initsect_.obj
 0004:000006a8       $pdata$_RTC_Terminate      000000014000d6a8     MSVCRTD:_initsect_.obj
 0004:000006b4       $pdata$??_Gtype_info@@UEAAPEAXI@Z 000000014000d6b4     MSVCRTD:std_type_info_static.obj
